 deasync

 Timestamp is 56035814 (Thu Sep 24 09:55:32 2015)

 Preferred load address is 0000000180000000

 Start         Length     Name                   Class
 0001:00000000 00000013H .text$di                CODE
 0001:00000020 0000c883H .text$mn                CODE
 0001:0000c8b0 00000257H .text$x                 CODE
 0001:0000cb10 00000000H .text$yd                CODE
 0002:00000000 00000220H .idata$5                DATA
 0002:00000220 00000008H .CRT$XCA                DATA
 0002:00000228 00000018H .CRT$XCU                DATA
 0002:00000240 00000008H .CRT$XCZ                DATA
 0002:00000248 00000008H .CRT$XIA                DATA
 0002:00000250 00000020H .CRT$XIC                DATA
 0002:00000270 00000008H .CRT$XIZ                DATA
 0002:00000278 00000008H .CRT$XPA                DATA
 0002:00000280 00000010H .CRT$XPX                DATA
 0002:00000290 00000008H .CRT$XPXA               DATA
 0002:00000298 00000008H .CRT$XPZ                DATA
 0002:000002a0 00000008H .CRT$XTA                DATA
 0002:000002a8 00000008H .CRT$XTZ                DATA
 0002:000002b0 00006f70H .rdata                  DATA
 0002:00007220 00000094H .rdata$debug            DATA
 0002:000072b8 00000000H .rdata$r                DATA
 0002:000072b8 00000008H .rtc$IAA                DATA
 0002:000072c0 00000008H .rtc$IZZ                DATA
 0002:000072c8 00000008H .rtc$TAA                DATA
 0002:000072d0 00000008H .rtc$TZZ                DATA
 0002:000072d8 000009bcH .xdata                  DATA
 0002:00007c98 00000000H .xdata$x                DATA
 0002:00007c98 00000020H .didat$2                DATA
 0002:00007cb8 00000020H .didat$3                DATA
 0002:00007cd8 000001f8H .didat$4                DATA
 0002:00007ed0 0000116aH .didat$6                DATA
 0002:00009040 000001f8H .didat$7                DATA
 0002:00009240 00003b5aH .edata                  DATA
 0002:0000cd9c 00000014H .idata$2                DATA
 0002:0000cdb0 00000014H .idata$3                DATA
 0002:0000cdc8 00000220H .idata$4                DATA
 0002:0000cfe8 000004ecH .idata$6                DATA
 0003:00000000 00001808H .data                   DATA
 0003:00001808 00000000H .data$r                 DATA
 0003:00001808 000001f8H .didat$5                DATA
 0003:00001a00 00002498H .bss                    DATA
 0004:00000000 00000bd0H .pdata                  DATA
 0005:00000000 00000058H .rsrc$01                DATA
 0005:00000060 00000180H .rsrc$02                DATA

  Address         Publics by Value              Rva+Base               Lib:Object

 0000:00000000       ___safe_se_handler_count   0000000000000000     <absolute>
 0000:00000000       __guard_fids_table         0000000000000000     <absolute>
 0000:00000000       ___safe_se_handler_table   0000000000000000     <absolute>
 0000:00000000       __guard_fids_count         0000000000000000     <absolute>
 0000:00000000       __guard_flags              0000000000000000     <absolute>
 0000:00000000       __ImageBase                0000000180000000     <linker-defined>
 0001:00000020       ?impl@StreamedSource@ScriptCompiler@v8@@QEBAPEAU1internal@3@XZ 0000000180001020 f i deasync.obj
 0001:00000020       ?Data@Contents@ArrayBuffer@v8@@QEBAPEAXXZ 0000000180001020 f i deasync.obj
 0001:00000020       ?Data@Contents@SharedArrayBuffer@v8@@QEBAPEAXXZ 0000000180001020 f i deasync.obj
 0001:00000020       ??DValue@String@v8@@QEBAPEBGXZ 0000000180001020 f i deasync.obj
 0001:00000020       ?total_heap_size@HeapStatistics@v8@@QEAA_KXZ 0000000180001020 f i deasync.obj
 0001:00000020       ??DValue@String@v8@@QEAAPEAGXZ 0000000180001020 f i deasync.obj
 0001:00000020       ?space_name@HeapSpaceStatistics@v8@@QEAAPEBDXZ 0000000180001020 f i deasync.obj
 0001:00000020       ??DUtf8Value@String@v8@@QEAAPEADXZ 0000000180001020 f i deasync.obj
 0001:00000020       ??DUtf8Value@String@v8@@QEBAPEBDXZ 0000000180001020 f i deasync.obj
 0001:00000020       ?object_type@HeapObjectStatistics@v8@@QEAAPEBDXZ 0000000180001020 f i deasync.obj
 0001:00000020       ?GetIsolate@HandleScope@v8@@QEBAPEAVIsolate@2@XZ 0000000180001020 f i deasync.obj
 0001:00000030       ??4BooleanObject@v8@@QEAAAEAV01@AEBV01@@Z 0000000180001030 f i deasync.obj
 0001:00000030       ?Cast@Float64Array@v8@@SAPEAV12@PEAVValue@2@@Z 0000000180001030 f i deasync.obj
 0001:00000030       ??4JSON@v8@@QEAAAEAV01@AEBV01@@Z 0000000180001030 f i deasync.obj
 0001:00000030       ??4Uint32Array@v8@@QEAAAEAV01@AEBV01@@Z 0000000180001030 f i deasync.obj
 0001:00000030       ??4String@v8@@QEAAAEAV01@AEBV01@@Z 0000000180001030 f i deasync.obj
 0001:00000030       ??4Promise@v8@@QEAAAEAV01@AEBV01@@Z 0000000180001030 f i deasync.obj
 0001:00000030       ??4Primitive@v8@@QEAAAEAV01@AEBV01@@Z 0000000180001030 f i deasync.obj
 0001:00000030       ?Cast@Uint32@v8@@SAPEAV12@PEAVValue@2@@Z 0000000180001030 f i deasync.obj
 0001:00000030       ??0HandleScope@v8@@IEAA@XZ 0000000180001030 f i deasync.obj
 0001:00000030       ??4SymbolObject@v8@@QEAAAEAV01@AEBV01@@Z 0000000180001030 f i deasync.obj
 0001:00000030       ?Cast@RegExp@v8@@SAPEAV12@PEAVValue@2@@Z 0000000180001030 f i deasync.obj
 0001:00000030       ??4Boolean@v8@@QEAAAEAV01@AEBV01@@Z 0000000180001030 f i deasync.obj
 0001:00000030       ??4Int16Array@v8@@QEAAAEAV01@AEBV01@@Z 0000000180001030 f i deasync.obj
 0001:00000030       ?Cast@SymbolObject@v8@@SAPEAV12@PEAVValue@2@@Z 0000000180001030 f i deasync.obj
 0001:00000030       ?Cast@Function@v8@@SAPEAV12@PEAVValue@2@@Z 0000000180001030 f i deasync.obj
 0001:00000030       ??4UnboundScript@v8@@QEAAAEAV01@AEBV01@@Z 0000000180001030 f i deasync.obj
 0001:00000030       ??4Function@v8@@QEAAAEAV01@AEBV01@@Z 0000000180001030 f i deasync.obj
 0001:00000030       ??4ArrayBuffer@v8@@QEAAAEAV01@AEBV01@@Z 0000000180001030 f i deasync.obj
 0001:00000030       ??4StackTrace@v8@@QEAAAEAV01@AEBV01@@Z 0000000180001030 f i deasync.obj
 0001:00000030       ?Cast@Boolean@v8@@SAPEAV12@PEAVValue@2@@Z 0000000180001030 f i deasync.obj
 0001:00000030       ??4ExternalSourceStream@ScriptCompiler@v8@@QEAAAEAV012@AEBV012@@Z 0000000180001030 f i deasync.obj
 0001:00000030       ?Cast@DataView@v8@@SAPEAV12@PEAVValue@2@@Z 0000000180001030 f i deasync.obj
 0001:00000030       ??4PersistentHandleVisitor@v8@@QEAAAEAV01@AEBV01@@Z 0000000180001030 f i deasync.obj
 0001:00000030       ?Cast@Uint32Array@v8@@SAPEAV12@PEAVValue@2@@Z 0000000180001030 f i deasync.obj
 0001:00000030       ??4Int32@v8@@QEAAAEAV01@AEBV01@@Z 0000000180001030 f i deasync.obj
 0001:00000030       ??4V8@v8@@QEAAAEAV01@AEBV01@@Z 0000000180001030 f i deasync.obj
 0001:00000030       ??4Float64Array@v8@@QEAAAEAV01@AEBV01@@Z 0000000180001030 f i deasync.obj
 0001:00000030       ??4Integer@v8@@QEAAAEAV01@AEBV01@@Z 0000000180001030 f i deasync.obj
 0001:00000030       ??4TypeSwitch@v8@@QEAAAEAV01@AEBV01@@Z 0000000180001030 f i deasync.obj
 0001:00000030       ?Cast@Int32Array@v8@@SAPEAV12@PEAVValue@2@@Z 0000000180001030 f i deasync.obj
 0001:00000030       ??4ScriptCompiler@v8@@QEAAAEAV01@AEBV01@@Z 0000000180001030 f i deasync.obj
 0001:00000030       ??4ArrayBufferView@v8@@QEAAAEAV01@AEBV01@@Z 0000000180001030 f i deasync.obj
 0001:00000030       ?Cast@Object@v8@@SAPEAV12@PEAVValue@2@@Z 0000000180001030 f i deasync.obj
 0001:00000030       ?Cast@StringObject@v8@@SAPEAV12@PEAVValue@2@@Z 0000000180001030 f i deasync.obj
 0001:00000030       ?Cast@Resolver@Promise@v8@@SAPEAV123@PEAVValue@3@@Z 0000000180001030 f i deasync.obj
 0001:00000030       ??4Signature@v8@@QEAAAEAV01@AEBV01@@Z 0000000180001030 f i deasync.obj
 0001:00000030       ??4ExternalResourceVisitor@v8@@QEAAAEAV01@AEBV01@@Z 0000000180001030 f i deasync.obj
 0001:00000030       ??4Object@v8@@QEAAAEAV01@AEBV01@@Z 0000000180001030 f i deasync.obj
 0001:00000030       ??4External@v8@@QEAAAEAV01@AEBV01@@Z 0000000180001030 f i deasync.obj
 0001:00000030       ??4ObjectTemplate@v8@@QEAAAEAV01@AEBV01@@Z 0000000180001030 f i deasync.obj
 0001:00000030       ??4DataView@v8@@QEAAAEAV01@AEBV01@@Z 0000000180001030 f i deasync.obj
 0001:00000030       ?Cast@Map@v8@@SAPEAV12@PEAVValue@2@@Z 0000000180001030 f i deasync.obj
 0001:00000030       ?Cast@Date@v8@@SAPEAV12@PEAVValue@2@@Z 0000000180001030 f i deasync.obj
 0001:00000030       ??4Symbol@v8@@QEAAAEAV01@AEBV01@@Z 0000000180001030 f i deasync.obj
 0001:00000030       ??4Map@v8@@QEAAAEAV01@AEBV01@@Z 0000000180001030 f i deasync.obj
 0001:00000030       ??4Array@v8@@QEAAAEAV01@AEBV01@@Z 0000000180001030 f i deasync.obj
 0001:00000030       ??4TypedArray@v8@@QEAAAEAV01@AEBV01@@Z 0000000180001030 f i deasync.obj
 0001:00000030       ?Cast@Float32Array@v8@@SAPEAV12@PEAVValue@2@@Z 0000000180001030 f i deasync.obj
 0001:00000030       ?Cast@NumberObject@v8@@SAPEAV12@PEAVValue@2@@Z 0000000180001030 f i deasync.obj
 0001:00000030       ??4AccessorSignature@v8@@QEAAAEAV01@AEBV01@@Z 0000000180001030 f i deasync.obj
 0001:00000030       ?Cast@Integer@v8@@SAPEAV12@PEAVValue@2@@Z 0000000180001030 f i deasync.obj
 0001:00000030       ?Cast@Uint8ClampedArray@v8@@SAPEAV12@PEAVValue@2@@Z 0000000180001030 f i deasync.obj
 0001:00000030       ?Cast@BooleanObject@v8@@SAPEAV12@PEAVValue@2@@Z 0000000180001030 f i deasync.obj
 0001:00000030       ?Cast@Array@v8@@SAPEAV12@PEAVValue@2@@Z 0000000180001030 f i deasync.obj
 0001:00000030       ??4Float32Array@v8@@QEAAAEAV01@AEBV01@@Z 0000000180001030 f i deasync.obj
 0001:00000030       ??4NumberObject@v8@@QEAAAEAV01@AEBV01@@Z 0000000180001030 f i deasync.obj
 0001:00000030       ??4Int8Array@v8@@QEAAAEAV01@AEBV01@@Z 0000000180001030 f i deasync.obj
 0001:00000030       ??4Value@v8@@QEAAAEAV01@AEBV01@@Z 0000000180001030 f i deasync.obj
 0001:00000030       ??4Date@v8@@QEAAAEAV01@AEBV01@@Z 0000000180001030 f i deasync.obj
 0001:00000030       ??4Uint8Array@v8@@QEAAAEAV01@AEBV01@@Z 0000000180001030 f i deasync.obj
 0001:00000030       ?Cast@Uint16Array@v8@@SAPEAV12@PEAVValue@2@@Z 0000000180001030 f i deasync.obj
 0001:00000030       ??4SharedArrayBuffer@v8@@QEAAAEAV01@AEBV01@@Z 0000000180001030 f i deasync.obj
 0001:00000030       ??4Exception@v8@@QEAAAEAV01@AEBV01@@Z 0000000180001030 f i deasync.obj
 0001:00000030       ??4RegExp@v8@@QEAAAEAV01@AEBV01@@Z 0000000180001030 f i deasync.obj
 0001:00000030       ?Cast@Set@v8@@SAPEAV12@PEAVValue@2@@Z 0000000180001030 f i deasync.obj
 0001:00000030       ?Cast@Promise@v8@@SAPEAV12@PEAVValue@2@@Z 0000000180001030 f i deasync.obj
 0001:00000030       ??4Set@v8@@QEAAAEAV01@AEBV01@@Z 0000000180001030 f i deasync.obj
 0001:00000030       ??4Allocator@ArrayBuffer@v8@@QEAAAEAV012@AEBV012@@Z 0000000180001030 f i deasync.obj
 0001:00000030       ?Cast@Int8Array@v8@@SAPEAV12@PEAVValue@2@@Z 0000000180001030 f i deasync.obj
 0001:00000030       ?Cast@External@v8@@SAPEAV12@PEAVValue@2@@Z 0000000180001030 f i deasync.obj
 0001:00000030       ?Cast@SharedArrayBuffer@v8@@SAPEAV12@PEAVValue@2@@Z 0000000180001030 f i deasync.obj
 0001:00000030       ?Cast@String@v8@@SAPEAV12@PEAVValue@2@@Z 0000000180001030 f i deasync.obj
 0001:00000030       ??4Uint32@v8@@QEAAAEAV01@AEBV01@@Z 0000000180001030 f i deasync.obj
 0001:00000030       ?Cast@Int32@v8@@SAPEAV12@PEAVValue@2@@Z 0000000180001030 f i deasync.obj
 0001:00000030       ??4Script@v8@@QEAAAEAV01@AEBV01@@Z 0000000180001030 f i deasync.obj
 0001:00000030       ??4Message@v8@@QEAAAEAV01@AEBV01@@Z 0000000180001030 f i deasync.obj
 0001:00000030       ?Cast@Number@v8@@SAPEAV12@PEAVValue@2@@Z 0000000180001030 f i deasync.obj
 0001:00000030       ??4Number@v8@@QEAAAEAV01@AEBV01@@Z 0000000180001030 f i deasync.obj
 0001:00000030       ??4Data@v8@@QEAAAEAV01@AEBV01@@Z 0000000180001030 f i deasync.obj
 0001:00000030       ?Cast@Symbol@v8@@SAPEAV12@PEAVValue@2@@Z 0000000180001030 f i deasync.obj
 0001:00000030       ?Cast@Int16Array@v8@@SAPEAV12@PEAVValue@2@@Z 0000000180001030 f i deasync.obj
 0001:00000030       ??4Template@v8@@QEAAAEAV01@AEBV01@@Z 0000000180001030 f i deasync.obj
 0001:00000030       ?Cast@ArrayBuffer@v8@@SAPEAV12@PEAVValue@2@@Z 0000000180001030 f i deasync.obj
 0001:00000030       ??4StackFrame@v8@@QEAAAEAV01@AEBV01@@Z 0000000180001030 f i deasync.obj
 0001:00000030       ?Cast@Name@v8@@SAPEAV12@PEAVValue@2@@Z 0000000180001030 f i deasync.obj
 0001:00000030       ??4Context@v8@@QEAAAEAV01@AEBV01@@Z 0000000180001030 f i deasync.obj
 0001:00000030       ??4NativeWeakMap@v8@@QEAAAEAV01@AEBV01@@Z 0000000180001030 f i deasync.obj
 0001:00000030       ??4StringObject@v8@@QEAAAEAV01@AEBV01@@Z 0000000180001030 f i deasync.obj
 0001:00000030       ?Cast@Uint8Array@v8@@SAPEAV12@PEAVValue@2@@Z 0000000180001030 f i deasync.obj
 0001:00000030       ??4Name@v8@@QEAAAEAV01@AEBV01@@Z 0000000180001030 f i deasync.obj
 0001:00000030       ??4Resolver@Promise@v8@@QEAAAEAV012@AEBV012@@Z 0000000180001030 f i deasync.obj
 0001:00000030       ??4Uint8ClampedArray@v8@@QEAAAEAV01@AEBV01@@Z 0000000180001030 f i deasync.obj
 0001:00000030       ?Cast@ArrayBufferView@v8@@SAPEAV12@PEAVValue@2@@Z 0000000180001030 f i deasync.obj
 0001:00000030       ??4Uint16Array@v8@@QEAAAEAV01@AEBV01@@Z 0000000180001030 f i deasync.obj
 0001:00000030       ??4FunctionTemplate@v8@@QEAAAEAV01@AEBV01@@Z 0000000180001030 f i deasync.obj
 0001:00000030       ??4Int32Array@v8@@QEAAAEAV01@AEBV01@@Z 0000000180001030 f i deasync.obj
 0001:00000030       ?Cast@TypedArray@v8@@SAPEAV12@PEAVValue@2@@Z 0000000180001030 f i deasync.obj
 0001:00000040       ??1EscapableHandleScope@v8@@QEAA@XZ 0000000180001040 f i deasync.obj
 0001:00000050       ?GetId@Script@v8@@QEAAHXZ  0000000180001050 f i deasync.obj
 0001:00000070       ??0CachedData@ScriptCompiler@v8@@QEAA@XZ 0000000180001070 f i deasync.obj
 0001:00000090       ??1ExternalSourceStream@ScriptCompiler@v8@@UEAA@XZ 0000000180001090 f i deasync.obj
 0001:000000a0       ??0ExternalSourceStream@ScriptCompiler@v8@@QEAA@XZ 00000001800010a0 f i deasync.obj
 0001:000000a0       ??0ExternalSourceStream@ScriptCompiler@v8@@QEAA@AEBV012@@Z 00000001800010a0 f i deasync.obj
 0001:000000b0       ??_EExternalSourceStream@ScriptCompiler@v8@@UEAAPEAXI@Z 00000001800010b0 f i deasync.obj
 0001:00000130       ??1ExternalOneByteStringResource@String@v8@@UEAA@XZ 0000000180001130 f i deasync.obj
 0001:00000130       ??1ExternalStringResource@String@v8@@UEAA@XZ 0000000180001130 f i deasync.obj
 0001:00000130       ??1ExternalStringResourceBase@String@v8@@UEAA@XZ 0000000180001130 f i deasync.obj
 0001:00000130       ??1ExternalOneByteStringResourceImpl@v8@@UEAA@XZ 0000000180001130 f i deasync.obj
 0001:00000140       ??0ExternalStringResourceBase@String@v8@@IEAA@XZ 0000000180001140 f i deasync.obj
 0001:00000150       ?Dispose@ExternalStringResourceBase@String@v8@@MEAAXXZ 0000000180001150 f i deasync.obj
 0001:00000170       ??0ExternalOneByteStringResource@String@v8@@IEAA@XZ 0000000180001170 f i deasync.obj
 0001:00000170       ??0ExternalStringResource@String@v8@@IEAA@XZ 0000000180001170 f i deasync.obj
 0001:00000180       ?length@Value@String@v8@@QEBAHXZ 0000000180001180 f i deasync.obj
 0001:00000180       ?max_executable_size@ResourceConstraints@v8@@QEBAHXZ 0000000180001180 f i deasync.obj
 0001:00000180       ?length@Utf8Value@String@v8@@QEBAHXZ 0000000180001180 f i deasync.obj
 0001:00000190       ??_EExternalStringResource@String@v8@@UEAAPEAXI@Z 0000000180001190 f i deasync.obj
 0001:00000190       ??_EExternalOneByteStringResource@String@v8@@UEAAPEAXI@Z 0000000180001190 f i deasync.obj
 0001:00000190       ??_EExternalStringResourceBase@String@v8@@UEAAPEAXI@Z 0000000180001190 f i deasync.obj
 0001:00000210       ?InternalFieldCount@Object@v8@@SAHAEBV?$PersistentBase@VObject@v8@@@2@@Z 0000000180001210 f i deasync.obj
 0001:00000220       ?GetAlignedPointerFromInternalField@Object@v8@@SAPEAXAEBV?$PersistentBase@VObject@v8@@@2@H@Z 0000000180001220 f i deasync.obj
 0001:00000250       ?NewInstance@Function@v8@@QEBA?AV?$MaybeLocal@VObject@v8@@@2@V?$Local@VContext@v8@@@2@@Z 0000000180001250 f i deasync.obj
 0001:00000280       ??1Allocator@ArrayBuffer@v8@@UEAA@XZ 0000000180001280 f i deasync.obj
 0001:00000290       ??0Contents@ArrayBuffer@v8@@QEAA@XZ 0000000180001290 f i deasync.obj
 0001:00000290       ??0Contents@SharedArrayBuffer@v8@@QEAA@XZ 0000000180001290 f i deasync.obj
 0001:000002a0       ?object_sub_type@HeapObjectStatistics@v8@@QEAAPEBDXZ 00000001800012a0 f i deasync.obj
 0001:000002a0       ?name@Extension@v8@@QEBAPEBDXZ 00000001800012a0 f i deasync.obj
 0001:000002a0       ?ByteLength@Contents@ArrayBuffer@v8@@QEBA_KXZ 00000001800012a0 f i deasync.obj
 0001:000002a0       ?space_size@HeapSpaceStatistics@v8@@QEAA_KXZ 00000001800012a0 f i deasync.obj
 0001:000002a0       ?begin@ExtensionConfiguration@v8@@QEBAPEAPEBDXZ 00000001800012a0 f i deasync.obj
 0001:000002a0       ?data@ExternalOneByteStringResourceImpl@v8@@UEBAPEBDXZ 00000001800012a0 f i deasync.obj
 0001:000002a0       ?total_heap_size_executable@HeapStatistics@v8@@QEAA_KXZ 00000001800012a0 f i deasync.obj
 0001:000002a0       ?ByteLength@Contents@SharedArrayBuffer@v8@@QEBA_KXZ 00000001800012a0 f i deasync.obj
 0001:000002b0       ??0Allocator@ArrayBuffer@v8@@QEAA@AEBV012@@Z 00000001800012b0 f i deasync.obj
 0001:000002b0       ??0Allocator@ArrayBuffer@v8@@QEAA@XZ 00000001800012b0 f i deasync.obj
 0001:000002c0       ??_EAllocator@ArrayBuffer@v8@@UEAAPEAXI@Z 00000001800012c0 f i deasync.obj
 0001:00000340       ??4Contents@ArrayBuffer@v8@@QEAAAEAV012@AEBV012@@Z 0000000180001340 f i deasync.obj
 0001:00000340       ??4StartupData@v8@@QEAAAEAV01@AEBV01@@Z 0000000180001340 f i deasync.obj
 0001:00000340       ??4Contents@SharedArrayBuffer@v8@@QEAAAEAV012@AEBV012@@Z 0000000180001340 f i deasync.obj
 0001:00000350       ?SetIndexedPropertyHandler@ObjectTemplate@v8@@QEAAXP6AXIAEBV?$PropertyCallbackInfo@VValue@v8@@@2@@ZP6AXIV?$Local@VValue@v8@@@2@0@ZP6AXIAEBV?$PropertyCallbackInfo@VInteger@v8@@@2@@ZP6AXIAEBV?$PropertyCallbackInfo@VBoolean@v8@@@2@@ZP6AXAEBV?$PropertyCallbackInfo@VArray@v8@@@2@@Z2@Z 0000000180001350 f i deasync.obj
 0001:000003a0       ??0ExternalOneByteStringResourceImpl@v8@@QEAA@XZ 00000001800013a0 f i deasync.obj
 0001:000003c0       ??0ExternalOneByteStringResourceImpl@v8@@QEAA@PEBD_K@Z 00000001800013c0 f i deasync.obj
 0001:000003e0       ?object_count@HeapObjectStatistics@v8@@QEAA_KXZ 00000001800013e0 f i deasync.obj
 0001:000003e0       ?stack_limit@ResourceConstraints@v8@@QEBAPEAIXZ 00000001800013e0 f i deasync.obj
 0001:000003e0       ?source_length@Extension@v8@@QEBA_KXZ 00000001800013e0 f i deasync.obj
 0001:000003e0       ?total_physical_size@HeapStatistics@v8@@QEAA_KXZ 00000001800013e0 f i deasync.obj
 0001:000003e0       ?space_used_size@HeapSpaceStatistics@v8@@QEAA_KXZ 00000001800013e0 f i deasync.obj
 0001:000003e0       ?length@ExternalOneByteStringResourceImpl@v8@@UEBA_KXZ 00000001800013e0 f i deasync.obj
 0001:000003f0       ??_EExternalOneByteStringResourceImpl@v8@@UEAAPEAXI@Z 00000001800013f0 f i deasync.obj
 0001:00000470       ??1Extension@v8@@UEAA@XZ   0000000180001470 f i deasync.obj
 0001:00000490       ?GetNativeFunctionTemplate@Extension@v8@@UEAA?AV?$Local@VFunctionTemplate@v8@@@2@PEAVIsolate@2@V?$Local@VString@v8@@@2@@Z 0000000180001490 f i deasync.obj
 0001:000004a0       ?source@Extension@v8@@QEBAPEBVExternalOneByteStringResource@String@2@XZ 00000001800014a0 f i deasync.obj
 0001:000004b0       ?dependency_count@Extension@v8@@QEAAHXZ 00000001800014b0 f i deasync.obj
 0001:000004c0       ?dependencies@Extension@v8@@QEAAPEAPEBDXZ 00000001800014c0 f i deasync.obj
 0001:000004d0       ?set_auto_enable@Extension@v8@@QEAAX_N@Z 00000001800014d0 f i deasync.obj
 0001:000004e0       ?auto_enable@Extension@v8@@QEAA_NXZ 00000001800014e0 f i deasync.obj
 0001:000004f0       ??_EExtension@v8@@UEAAPEAXI@Z 00000001800014f0 f i deasync.obj
 0001:00000590       ?max_semi_space_size@ResourceConstraints@v8@@QEBAHXZ 0000000180001590 f i deasync.obj
 0001:000005a0       ?set_max_semi_space_size@ResourceConstraints@v8@@QEAAXH@Z 00000001800015a0 f i deasync.obj
 0001:000005b0       ?max_old_space_size@ResourceConstraints@v8@@QEBAHXZ 00000001800015b0 f i deasync.obj
 0001:000005c0       ?set_max_old_space_size@ResourceConstraints@v8@@QEAAXH@Z 00000001800015c0 f i deasync.obj
 0001:000005d0       ?set_max_executable_size@ResourceConstraints@v8@@QEAAXH@Z 00000001800015d0 f i deasync.obj
 0001:000005e0       ?set_stack_limit@ResourceConstraints@v8@@QEAAXPEAI@Z 00000001800015e0 f i deasync.obj
 0001:000005f0       ?max_available_threads@ResourceConstraints@v8@@QEBAHXZ 00000001800015f0 f i deasync.obj
 0001:00000600       ?set_max_available_threads@ResourceConstraints@v8@@QEAAXH@Z 0000000180001600 f i deasync.obj
 0001:00000610       ?used_heap_size@HeapStatistics@v8@@QEAA_KXZ 0000000180001610 f i deasync.obj
 0001:00000610       ?physical_space_size@HeapSpaceStatistics@v8@@QEAA_KXZ 0000000180001610 f i deasync.obj
 0001:00000610       ?code_range_size@ResourceConstraints@v8@@QEBA_KXZ 0000000180001610 f i deasync.obj
 0001:00000620       ?set_code_range_size@ResourceConstraints@v8@@QEAAX_K@Z 0000000180001620 f i deasync.obj
 0001:00000630       ??4HeapSpaceStatistics@v8@@QEAAAEAV01@AEBV01@@Z 0000000180001630 f i deasync.obj
 0001:00000630       ??4ResourceConstraints@v8@@QEAAAEAV01@AEBV01@@Z 0000000180001630 f i deasync.obj
 0001:00000650       ?object_size@HeapObjectStatistics@v8@@QEAA_KXZ 0000000180001650 f i deasync.obj
 0001:00000650       ?space_available_size@HeapSpaceStatistics@v8@@QEAA_KXZ 0000000180001650 f i deasync.obj
 0001:00000650       ?total_available_size@HeapStatistics@v8@@QEAA_KXZ 0000000180001650 f i deasync.obj
 0001:00000660       ?heap_size_limit@HeapStatistics@v8@@QEAA_KXZ 0000000180001660 f i deasync.obj
 0001:00000670       ??4HeapStatistics@v8@@QEAAAEAV01@AEBV01@@Z 0000000180001670 f i deasync.obj
 0001:00000690       ??4HeapObjectStatistics@v8@@QEAAAEAV01@AEBV01@@Z 0000000180001690 f i deasync.obj
 0001:000006b0       ??1PersistentHandleVisitor@v8@@UEAA@XZ 00000001800016b0 f i deasync.obj
 0001:000006b0       ??1ExternalResourceVisitor@v8@@UEAA@XZ 00000001800016b0 f i deasync.obj
 0001:000006c0       ?VisitPersistentHandle@PersistentHandleVisitor@v8@@UEAAXPEAV?$Persistent@VValue@v8@@V?$NonCopyablePersistentTraits@VValue@v8@@@2@@2@G@Z 00000001800016c0 f i deasync.obj
 0001:000006c0       ?VisitExternalString@ExternalResourceVisitor@v8@@UEAAXV?$Local@VString@v8@@@2@@Z 00000001800016c0 f i deasync.obj
 0001:000006d0       ??0PersistentHandleVisitor@v8@@QEAA@AEBV01@@Z 00000001800016d0 f i deasync.obj
 0001:000006d0       ??0ExternalResourceVisitor@v8@@QEAA@XZ 00000001800016d0 f i deasync.obj
 0001:000006d0       ??0ExternalResourceVisitor@v8@@QEAA@AEBV01@@Z 00000001800016d0 f i deasync.obj
 0001:000006d0       ??0PersistentHandleVisitor@v8@@QEAA@XZ 00000001800016d0 f i deasync.obj
 0001:000006e0       ??_EPersistentHandleVisitor@v8@@UEAAPEAXI@Z 00000001800016e0 f i deasync.obj
 0001:000006e0       ??_EExternalResourceVisitor@v8@@UEAAPEAXI@Z 00000001800016e0 f i deasync.obj
 0001:00000760       ??0Scope@Isolate@v8@@QEAA@PEAV12@@Z 0000000180001760 f i deasync.obj
 0001:00000780       ??1Scope@Isolate@v8@@QEAA@XZ 0000000180001780 f i deasync.obj
 0001:00000790       ?JSStackComparableAddress@TryCatch@v8@@SAPEAXPEAV12@@Z 0000000180001790 f i deasync.obj
 0001:000007a0       ??0ExtensionConfiguration@v8@@QEAA@XZ 00000001800017a0 f i deasync.obj
 0001:000007b0       ??0ExtensionConfiguration@v8@@QEAA@HQEAPEBD@Z 00000001800017b0 f i deasync.obj
 0001:000007c0       ?end@ExtensionConfiguration@v8@@QEBAPEAPEBDXZ 00000001800017c0 f i deasync.obj
 0001:000007d0       ??0Unlocker@v8@@QEAA@PEAVIsolate@1@@Z 00000001800017d0 f i deasync.obj
 0001:000007f0       ??4Unlocker@v8@@QEAAAEAV01@AEBV01@@Z 00000001800017f0 f i deasync.obj
 0001:00000800       ??0Locker@v8@@QEAA@PEAVIsolate@1@@Z 0000000180001800 f i deasync.obj
 0001:00000820       ?New@Boolean@v8@@SA?AV?$Local@VBoolean@v8@@@2@PEAVIsolate@2@_N@Z 0000000180001820 f i deasync.obj
 0001:00000850       ?Set@Template@v8@@QEAAXPEAVIsolate@2@PEBDV?$Local@VData@v8@@@2@@Z 0000000180001850 f i deasync.obj
 0001:000008b0       ?GetInternalField@Object@v8@@QEAA?AV?$Local@VValue@v8@@@2@H@Z 00000001800018b0 f i deasync.obj
 0001:00000900       ?GetAlignedPointerFromInternalField@Object@v8@@QEAAPEAXH@Z 0000000180001900 f i deasync.obj
 0001:00000920       ?Empty@String@v8@@SA?AV?$Local@VString@v8@@@2@PEAVIsolate@2@@Z 0000000180001920 f i deasync.obj
 0001:00000930       ?GetExternalStringResource@String@v8@@QEBAPEAVExternalStringResource@12@XZ 0000000180001930 f i deasync.obj
 0001:00000950       ?GetExternalStringResourceBase@String@v8@@QEBAPEAVExternalStringResourceBase@12@PEAW4Encoding@12@@Z 0000000180001950 f i deasync.obj
 0001:00000980       ?IsUndefined@Value@v8@@QEBA_NXZ 0000000180001980 f i deasync.obj
 0001:000009b0       ?QuickIsUndefined@Value@v8@@AEBA_NXZ 00000001800019b0 f i deasync.obj
 0001:000009e0       ?IsNull@Value@v8@@QEBA_NXZ 00000001800019e0 f i deasync.obj
 0001:00000a10       ?QuickIsNull@Value@v8@@AEBA_NXZ 0000000180001a10 f i deasync.obj
 0001:00000a40       ?IsString@Value@v8@@QEBA_NXZ 0000000180001a40 f i deasync.obj
 0001:00000a70       ?QuickIsString@Value@v8@@AEBA_NXZ 0000000180001a70 f i deasync.obj
 0001:00000aa0       ?ToBoolean@Value@v8@@QEBA?AV?$Local@VBoolean@v8@@@2@XZ 0000000180001aa0 f i deasync.obj
 0001:00000b10       ?ToNumber@Value@v8@@QEBA?AV?$Local@VNumber@v8@@@2@XZ 0000000180001b10 f i deasync.obj
 0001:00000b80       ?ToString@Value@v8@@QEBA?AV?$Local@VString@v8@@@2@XZ 0000000180001b80 f i deasync.obj
 0001:00000bf0       ?ToDetailString@Value@v8@@QEBA?AV?$Local@VString@v8@@@2@XZ 0000000180001bf0 f i deasync.obj
 0001:00000c60       ?ToObject@Value@v8@@QEBA?AV?$Local@VObject@v8@@@2@XZ 0000000180001c60 f i deasync.obj
 0001:00000cd0       ?ToInteger@Value@v8@@QEBA?AV?$Local@VInteger@v8@@@2@XZ 0000000180001cd0 f i deasync.obj
 0001:00000d40       ?ToUint32@Value@v8@@QEBA?AV?$Local@VUint32@v8@@@2@XZ 0000000180001d40 f i deasync.obj
 0001:00000db0       ?ToInt32@Value@v8@@QEBA?AV?$Local@VInt32@v8@@@2@XZ 0000000180001db0 f i deasync.obj
 0001:00000e20       ?SetData@Isolate@v8@@QEAAXIPEAX@Z 0000000180001e20 f i deasync.obj
 0001:00000e30       ?GetData@Isolate@v8@@QEAAPEAXI@Z 0000000180001e30 f i deasync.obj
 0001:00000e40       ?GetNumberOfDataSlots@Isolate@v8@@SAIXZ 0000000180001e40 f i deasync.obj
 0001:00000e50       ?AdjustAmountOfExternalAllocatedMemory@Isolate@v8@@QEAA_J_J@Z 0000000180001e50 f i deasync.obj
 0001:00000eb0       ?GetEmbedderData@Context@v8@@QEAA?AV?$Local@VValue@v8@@@2@H@Z 0000000180001eb0 f i deasync.obj
 0001:00000ee0       ?GetAlignedPointerFromEmbedderData@Context@v8@@QEAAPEAXH@Z 0000000180001ee0 f i deasync.obj
 0001:00000f00       ?SetAllowCodeGenerationFromStringsCallback@V8@v8@@SAXP6A_NV?$Local@VContext@v8@@@2@@Z@Z 0000000180001f00 f i deasync.obj
 0001:00000f30       ?IsDead@V8@v8@@SA_NXZ      0000000180001f30 f i deasync.obj
 0001:00000f50       ?AddMessageListener@V8@v8@@SA_NP6AXV?$Local@VMessage@v8@@@2@V?$Local@VValue@v8@@@2@@Z1@Z 0000000180001f50 f i deasync.obj
 0001:00000f80       ?RemoveMessageListeners@V8@v8@@SAXP6AXV?$Local@VMessage@v8@@@2@V?$Local@VValue@v8@@@2@@Z@Z 0000000180001f80 f i deasync.obj
 0001:00000fb0       ?SetFailedAccessCheckCallbackFunction@V8@v8@@SAXP6AXV?$Local@VObject@v8@@@2@W4AccessType@2@V?$Local@VValue@v8@@@2@@Z@Z 0000000180001fb0 f i deasync.obj
 0001:00000fe0       ?SetCaptureStackTraceForUncaughtExceptions@V8@v8@@SAX_NHW4StackTraceOptions@StackTrace@2@@Z 0000000180001fe0 f i deasync.obj
 0001:00001020       ?SetFatalErrorHandler@V8@v8@@SAXP6AXPEBD0@Z@Z 0000000180002020 f i deasync.obj
 0001:00001050       ?RemoveGCPrologueCallback@V8@v8@@SAXP6AXW4GCType@2@W4GCCallbackFlags@2@@Z@Z 0000000180002050 f i deasync.obj
 0001:00001080       ?RemoveGCEpilogueCallback@V8@v8@@SAXP6AXW4GCType@2@W4GCCallbackFlags@2@@Z@Z 0000000180002080 f i deasync.obj
 0001:000010b0       ?AddMemoryAllocationCallback@V8@v8@@SAXP6AXW4ObjectSpace@2@W4AllocationAction@2@H@Z01@Z 00000001800020b0 f i deasync.obj
 0001:000010f0       ?RemoveMemoryAllocationCallback@V8@v8@@SAXP6AXW4ObjectSpace@2@W4AllocationAction@2@H@Z@Z 00000001800020f0 f i deasync.obj
 0001:00001120       ?TerminateExecution@V8@v8@@SAXPEAVIsolate@2@@Z 0000000180002120 f i deasync.obj
 0001:00001130       ?IsExecutionTerminating@V8@v8@@SA_NPEAVIsolate@2@@Z 0000000180002130 f i deasync.obj
 0001:00001150       ?CancelTerminateExecution@V8@v8@@SAXPEAVIsolate@2@@Z 0000000180002150 f i deasync.obj
 0001:00001160       ?VisitExternalResources@V8@v8@@SAXPEAVExternalResourceVisitor@2@@Z 0000000180002160 f i deasync.obj
 0001:00001190       ?VisitHandlesWithClassIds@V8@v8@@SAXPEAVPersistentHandleVisitor@2@@Z 0000000180002190 f i deasync.obj
 0001:000011c0       ?VisitHandlesWithClassIds@V8@v8@@SAXPEAVIsolate@2@PEAVPersistentHandleVisitor@2@@Z 00000001800021c0 f i deasync.obj
 0001:000011d0       ?VisitHandlesForPartialDependence@V8@v8@@SAXPEAVIsolate@2@PEAVPersistentHandleVisitor@2@@Z 00000001800021d0 f i deasync.obj
 0001:00001290       ?New@?$Factory@VFunctionTemplate@v8@@@imp@Nan@@SA?AV?$Local@VFunctionTemplate@v8@@@v8@@P6AXAEBV?$FunctionCallbackInfo@VValue@v8@@@3@@ZV?$Local@VValue@v8@@@5@V?$Local@VSignature@v8@@@5@@Z 0000000180002290 f i deasync.obj
 0001:00001420       ?Run@@YAXAEBV?$FunctionCallbackInfo@VValue@v8@@@Nan@@@Z 0000000180002420 f   deasync.obj
 0001:000015ec       __imp_load_node_module_register 00000001800025ec f   node:node.exe
 0001:000015f8       __tailMerge_node_exe       00000001800025f8 f i node:node.exe
 0001:00001671       __imp_load_uv_default_loop 0000000180002671 f   node:node.exe
 0001:0000167d       __imp_load_uv_run          000000018000267d f   node:node.exe
 0001:00001689       __imp_load_?Initialize@Locker@v8@@AEAAXPEAVIsolate@2@@Z 0000000180002689 f   node:node.exe
 0001:00001695       __imp_load_?GetId@UnboundScript@v8@@QEAAHXZ 0000000180002695 f   node:node.exe
 0001:000016a1       __imp_load_?GetUnboundScript@Script@v8@@QEAA?AV?$Local@VUnboundScript@v8@@@2@XZ 00000001800026a1 f   node:node.exe
 0001:000016ad       __imp_load_?ToLocalEmpty@V8@v8@@CAXXZ 00000001800026ad f   node:node.exe
 0001:000016b9       __imp_load_?Escape@EscapableHandleScope@v8@@AEAAPEAPEAVObject@internal@2@PEAPEAV342@@Z 00000001800026b9 f   node:node.exe
 0001:000016c5       __imp_load_??0EscapableHandleScope@v8@@QEAA@PEAVIsolate@1@@Z 00000001800026c5 f   node:node.exe
 0001:000016d1       __imp_load_?ToInt32@Value@v8@@QEBA?AV?$MaybeLocal@VInt32@v8@@@2@V?$Local@VContext@v8@@@2@@Z 00000001800026d1 f   node:node.exe
 0001:000016dd       __imp_load_?ToUint32@Value@v8@@QEBA?AV?$MaybeLocal@VUint32@v8@@@2@V?$Local@VContext@v8@@@2@@Z 00000001800026dd f   node:node.exe
 0001:000016e9       __imp_load_?ToInteger@Value@v8@@QEBA?AV?$MaybeLocal@VInteger@v8@@@2@V?$Local@VContext@v8@@@2@@Z 00000001800026e9 f   node:node.exe
 0001:000016f5       __imp_load_?ToObject@Value@v8@@QEBA?AV?$MaybeLocal@VObject@v8@@@2@V?$Local@VContext@v8@@@2@@Z 00000001800026f5 f   node:node.exe
 0001:00001701       __imp_load_?ToDetailString@Value@v8@@QEBA?AV?$MaybeLocal@VString@v8@@@2@V?$Local@VContext@v8@@@2@@Z 0000000180002701 f   node:node.exe
 0001:0000170d       __imp_load_?ToString@Value@v8@@QEBA?AV?$MaybeLocal@VString@v8@@@2@V?$Local@VContext@v8@@@2@@Z 000000018000270d f   node:node.exe
 0001:00001719       __imp_load_?ToNumber@Value@v8@@QEBA?AV?$MaybeLocal@VNumber@v8@@@2@V?$Local@VContext@v8@@@2@@Z 0000000180002719 f   node:node.exe
 0001:00001725       __imp_load_?ToBoolean@Value@v8@@QEBA?AV?$MaybeLocal@VBoolean@v8@@@2@V?$Local@VContext@v8@@@2@@Z 0000000180002725 f   node:node.exe
 0001:00001731       __imp_load_?GetFunction@FunctionTemplate@v8@@QEAA?AV?$MaybeLocal@VFunction@v8@@@2@V?$Local@VContext@v8@@@2@@Z 0000000180002731 f   node:node.exe
 0001:0000173d       __imp_load_?New@FunctionTemplate@v8@@SA?AV?$Local@VFunctionTemplate@v8@@@2@PEAVIsolate@2@P6AXAEBV?$FunctionCallbackInfo@VValue@v8@@@2@@ZV?$Local@VValue@v8@@@2@V?$Local@VSignature@v8@@@2@H@Z 000000018000273d f   node:node.exe
 0001:00001749       __imp_load_?NewFromUtf8@String@v8@@SA?AV?$MaybeLocal@VString@v8@@@2@PEAVIsolate@2@PEBDW4NewStringType@2@H@Z 0000000180002749 f   node:node.exe
 0001:00001755       __imp_load_?CreateHandle@HandleScope@v8@@KAPEAPEAVObject@internal@2@PEAVIsolate@42@PEAV342@@Z 0000000180002755 f   node:node.exe
 0001:00001761       __imp_load_?CreateHandle@HandleScope@v8@@CAPEAPEAVObject@internal@2@PEAVHeapObject@42@PEAV342@@Z 0000000180002761 f   node:node.exe
 0001:0000176d       __imp_load_??1HandleScope@v8@@QEAA@XZ 000000018000276d f   node:node.exe
 0001:00001779       __imp_load_??0HandleScope@v8@@QEAA@PEAVIsolate@1@@Z 0000000180002779 f   node:node.exe
 0001:00001785       __imp_load_?SlowGetAlignedPointerFromInternalField@Object@v8@@AEAAPEAXH@Z 0000000180002785 f   node:node.exe
 0001:00001791       __imp_load_?SlowGetInternalField@Object@v8@@AEAA?AV?$Local@VValue@v8@@@2@H@Z 0000000180002791 f   node:node.exe
 0001:0000179d       __imp_load_?SetInternalField@Object@v8@@QEAAXHV?$Local@VValue@v8@@@2@@Z 000000018000279d f   node:node.exe
 0001:000017a9       __imp_load_?InternalFieldCount@Object@v8@@QEAAHXZ 00000001800027a9 f   node:node.exe
 0001:000017b5       __imp_load_?Set@Object@v8@@QEAA?AV?$Maybe@_N@2@V?$Local@VContext@v8@@@2@V?$Local@VValue@v8@@@2@1@Z 00000001800027b5 f   node:node.exe
 0001:000017c1       __imp_load_?Initialize@Unlocker@v8@@AEAAXPEAVIsolate@2@@Z 00000001800027c1 f   node:node.exe
 0001:000017cd       __imp_load_?Set@Template@v8@@QEAAXV?$Local@VName@v8@@@2@V?$Local@VData@v8@@@2@W4PropertyAttribute@2@@Z 00000001800027cd f   node:node.exe
 0001:000017d9       __imp_load_?SetInternalFieldCount@ObjectTemplate@v8@@QEAAXH@Z 00000001800027d9 f   node:node.exe
 0001:000017e5       __imp_load_?SetHandler@ObjectTemplate@v8@@QEAAXAEBUIndexedPropertyHandlerConfiguration@2@@Z 00000001800027e5 f   node:node.exe
 0001:000017f1       __imp_load_?NewInstance@ObjectTemplate@v8@@QEAA?AV?$MaybeLocal@VObject@v8@@@2@V?$Local@VContext@v8@@@2@@Z 00000001800027f1 f   node:node.exe
 0001:000017fd       __imp_load_?New@ObjectTemplate@v8@@SA?AV?$Local@VObjectTemplate@v8@@@2@PEAVIsolate@2@V?$Local@VFunctionTemplate@v8@@@2@@Z 00000001800027fd f   node:node.exe
 0001:00001809       __imp_load_?NewInstance@Function@v8@@QEBA?AV?$MaybeLocal@VObject@v8@@@2@V?$Local@VContext@v8@@@2@HQEAV?$Local@VValue@v8@@@2@@Z 0000000180002809 f   node:node.exe
 0001:00001815       __imp_load_?CollectAllGarbage@Isolate@v8@@AEAAXPEBD@Z 0000000180002815 f   node:node.exe
 0001:00001821       __imp_load_?VisitHandlesForPartialDependence@Isolate@v8@@QEAAXPEAVPersistentHandleVisitor@2@@Z 0000000180002821 f   node:node.exe
 0001:0000182d       __imp_load_?VisitHandlesWithClassIds@Isolate@v8@@QEAAXPEAVPersistentHandleVisitor@2@@Z 000000018000282d f   node:node.exe
 0001:00001839       __imp_load_?VisitExternalResources@Isolate@v8@@QEAAXPEAVExternalResourceVisitor@2@@Z 0000000180002839 f   node:node.exe
 0001:00001845       __imp_load_?RemoveMemoryAllocationCallback@Isolate@v8@@QEAAXP6AXW4ObjectSpace@2@W4AllocationAction@2@H@Z@Z 0000000180002845 f   node:node.exe
 0001:00001851       __imp_load_?AddMemoryAllocationCallback@Isolate@v8@@QEAAXP6AXW4ObjectSpace@2@W4AllocationAction@2@H@Z01@Z 0000000180002851 f   node:node.exe
 0001:0000185d       __imp_load_?SetCaptureStackTraceForUncaughtExceptions@Isolate@v8@@QEAAX_NHW4StackTraceOptions@StackTrace@2@@Z 000000018000285d f   node:node.exe
 0001:00001869       __imp_load_?SetFailedAccessCheckCallbackFunction@Isolate@v8@@QEAAXP6AXV?$Local@VObject@v8@@@2@W4AccessType@2@V?$Local@VValue@v8@@@2@@Z@Z 0000000180002869 f   node:node.exe
 0001:00001875       __imp_load_?RemoveMessageListeners@Isolate@v8@@QEAAXP6AXV?$Local@VMessage@v8@@@2@V?$Local@VValue@v8@@@2@@Z@Z 0000000180002875 f   node:node.exe
 0001:00001881       __imp_load_?AddMessageListener@Isolate@v8@@QEAA_NP6AXV?$Local@VMessage@v8@@@2@V?$Local@VValue@v8@@@2@@Z1@Z 0000000180002881 f   node:node.exe
 0001:0000188d       __imp_load_?IsDead@Isolate@v8@@QEAA_NXZ 000000018000288d f   node:node.exe
 0001:00001899       __imp_load_?SetAllowCodeGenerationFromStringsCallback@Isolate@v8@@QEAAXP6A_NV?$Local@VContext@v8@@@2@@Z@Z 0000000180002899 f   node:node.exe
 0001:000018a5       __imp_load_?SetFatalErrorHandler@Isolate@v8@@QEAAXP6AXPEBD0@Z@Z 00000001800028a5 f   node:node.exe
 0001:000018b1       __imp_load_?CancelTerminateExecution@Isolate@v8@@QEAAXXZ 00000001800028b1 f   node:node.exe
 0001:000018bd       __imp_load_?IsExecutionTerminating@Isolate@v8@@QEAA_NXZ 00000001800028bd f   node:node.exe
 0001:000018c9       __imp_load_?TerminateExecution@Isolate@v8@@QEAAXXZ 00000001800028c9 f   node:node.exe
 0001:000018d5       __imp_load_?RemoveGCEpilogueCallback@Isolate@v8@@QEAAXP6AXPEAV12@W4GCType@2@W4GCCallbackFlags@2@@Z@Z 00000001800028d5 f   node:node.exe
 0001:000018e1       __imp_load_?RemoveGCPrologueCallback@Isolate@v8@@QEAAXP6AXPEAV12@W4GCType@2@W4GCCallbackFlags@2@@Z@Z 00000001800028e1 f   node:node.exe
 0001:000018ed       __imp_load_?GetCurrentContext@Isolate@v8@@QEAA?AV?$Local@VContext@v8@@@2@XZ 00000001800028ed f   node:node.exe
 0001:000018f9       __imp_load_?Exit@Isolate@v8@@QEAAXXZ 00000001800028f9 f   node:node.exe
 0001:00001905       __imp_load_?Enter@Isolate@v8@@QEAAXXZ 0000000180002905 f   node:node.exe
 0001:00001911       __imp_load_?GetCurrent@Isolate@v8@@SAPEAV12@XZ 0000000180002911 f   node:node.exe
 0001:0000191d       __imp_load_?ResetToBookmark@ExternalSourceStream@ScriptCompiler@v8@@UEAAXXZ 000000018000291d f   node:node.exe
 0001:00001929       ?ResetToBookmark@ExternalSourceStream@ScriptCompiler@v8@@UEAAXXZ 0000000180002929 f   node:node.exe
 0001:0000192f       __imp_load_?SetBookmark@ExternalSourceStream@ScriptCompiler@v8@@UEAA_NXZ 000000018000292f f   node:node.exe
 0001:0000193b       ?SetBookmark@ExternalSourceStream@ScriptCompiler@v8@@UEAA_NXZ 000000018000293b f   node:node.exe
 0001:00001941       __imp_load_?Value@External@v8@@QEBAPEAXXZ 0000000180002941 f   node:node.exe
 0001:0000194d       __imp_load_?New@External@v8@@SA?AV?$Local@VExternal@v8@@@2@PEAVIsolate@2@PEAX@Z 000000018000294d f   node:node.exe
 0001:00001970       __security_check_cookie    0000000180002970 f   LIBCMT:amdsecgs.obj
 0001:000019a0       memmove                    00000001800029a0 f   LIBCMT:memcpy.obj
 0001:000019a0       memcpy                     00000001800029a0 f   LIBCMT:memcpy.obj
 0001:00001f08       __onexitinit               0000000180002f08 f   LIBCMT:onexit.obj
 0001:00001f4c       _onexit                    0000000180002f4c f   LIBCMT:onexit.obj
 0001:00002058       atexit                     0000000180003058 f   LIBCMT:onexit.obj
 0001:00002070       _purecall                  0000000180003070 f   LIBCMT:purevirt.obj
 0001:0000209c       ??3@YAXPEAX@Z              000000018000309c f   LIBCMT:delete.obj
 0001:000020a4       ??0_LocaleUpdate@@QEAA@PEAUlocaleinfo_struct@@@Z 00000001800030a4 f i LIBCMT:stricmp.obj
 0001:0000214c       __ascii_stricmp            000000018000314c f   LIBCMT:stricmp.obj
 0001:00002188       _stricmp                   0000000180003188 f   LIBCMT:stricmp.obj
 0001:000021d0       _stricmp_l                 00000001800031d0 f   LIBCMT:stricmp.obj
 0001:00002284       _CRT_INIT                  0000000180003284 f   LIBCMT:dllcrt0.obj
 0001:000023e4       _DllMainCRTStartup         00000001800033e4 f   LIBCMT:dllcrt0.obj
 0001:00002560       strlen                     0000000180003560 f   LIBCMT:strlen.obj
 0001:00002608       _fpmath                    0000000180003608 f   LIBCMT:fpinit.obj
 0001:00002610       _cfltcvt_init              0000000180003610 f   LIBCMT:fpinit.obj
 0001:00002698       __raise_securityfailure    0000000180003698 f   LIBCMT:gs_report.obj
 0001:000026e4       __report_gsfailure         00000001800036e4 f   LIBCMT:gs_report.obj
 0001:000027b8       __isa_available_init       00000001800037b8 f   LIBCMT:cpu_disp.obj
 0001:0000295c       __crtCorExitProcess        000000018000395c f   LIBCMT:crt0dat.obj
 0001:000029a0       __crtExitProcess           00000001800039a0 f   LIBCMT:crt0dat.obj
 0001:000029b8       __freeCrtMemory            00000001800039b8 f   LIBCMT:crt0dat.obj
 0001:00002b00       _amsg_exit                 0000000180003b00 f   LIBCMT:crt0dat.obj
 0001:00002b28       _cexit                     0000000180003b28 f   LIBCMT:crt0dat.obj
 0001:00002b38       _cinit                     0000000180003b38 f   LIBCMT:crt0dat.obj
 0001:00002bd0       _exit                      0000000180003bd0 f   LIBCMT:crt0dat.obj
 0001:00002bdc       _init_pointers             0000000180003bdc f   LIBCMT:crt0dat.obj
 0001:00002c88       _initterm_e                0000000180003c88 f   LIBCMT:crt0dat.obj
 0001:00002cc4       _lockexit                  0000000180003cc4 f   LIBCMT:crt0dat.obj
 0001:00002cd0       _unlockexit                0000000180003cd0 f   LIBCMT:crt0dat.obj
 0001:00002e74       _msize                     0000000180003e74 f   LIBCMT:msize.obj
 0001:00002eb0       _calloc_crt                0000000180003eb0 f   LIBCMT:crtheap.obj
 0001:00002f30       _malloc_crt                0000000180003f30 f   LIBCMT:crtheap.obj
 0001:00002fac       _realloc_crt               0000000180003fac f   LIBCMT:crtheap.obj
 0001:00003030       __C_specific_handler       0000000180004030 f   LIBCMT:chandler.obj
 0001:00003214       _set_abort_behavior        0000000180004214 f   LIBCMT:abort.obj
 0001:00003230       abort                      0000000180004230 f   LIBCMT:abort.obj
 0001:00003288       _initp_misc_purevirt       0000000180004288 f   LIBCMT:inithelp.obj
 0001:00003290       free                       0000000180004290 f   LIBCMT:free.obj
 0001:000032d0       malloc                     00000001800042d0 f   LIBCMT:malloc.obj
 0001:00003388       _callnewh                  0000000180004388 f   LIBCMT:handler.obj
 0001:000033bc       _initp_heap_handler        00000001800043bc f   LIBCMT:handler.obj
 0001:000033c4       _call_reportfault          00000001800043c4 f   LIBCMT:invarg.obj
 0001:000034b8       _initp_misc_invarg         00000001800044b8 f   LIBCMT:invarg.obj
 0001:000034c0       _invalid_parameter         00000001800044c0 f   LIBCMT:invarg.obj
 0001:00003528       _invalid_parameter_noinfo  0000000180004528 f   LIBCMT:invarg.obj
 0001:00003548       _invoke_watson             0000000180004548 f   LIBCMT:invarg.obj
 0001:00003584       __addlocaleref             0000000180004584 f   LIBCMT:localref.obj
 0001:00003610       __freetlocinfo             0000000180004610 f   LIBCMT:localref.obj
 0001:000037a8       __removelocaleref          00000001800047a8 f   LIBCMT:localref.obj
 0001:0000384c       __updatetlocinfo           000000018000484c f   LIBCMT:localref.obj
 0001:000038c4       _updatetlocinfoEx_nolock   00000001800048c4 f   LIBCMT:localref.obj
 0001:00003928       __initmbctable             0000000180004928 f   LIBCMT:mbctype.obj
 0001:00003c44       __updatetmbcinfo           0000000180004c44 f   LIBCMT:mbctype.obj
 0001:00003d00       _setmbcp                   0000000180004d00 f   LIBCMT:mbctype.obj
 0001:00003f44       _setmbcp_nolock            0000000180004f44 f   LIBCMT:mbctype.obj
 0001:000041f4       _tolower_l                 00000001800051f4 f   LIBCMT:tolower.obj
 0001:00004348       tolower                    0000000180005348 f   LIBCMT:tolower.obj
 0001:00004368       _freefls                   0000000180005368 f   LIBCMT:tidtable.obj
 0001:0000449c       _freeptd                   000000018000549c f   LIBCMT:tidtable.obj
 0001:000044d8       _getptd                    00000001800054d8 f   LIBCMT:tidtable.obj
 0001:000044fc       _getptd_noexit             00000001800054fc f   LIBCMT:tidtable.obj
 0001:00004580       _initptd                   0000000180005580 f   LIBCMT:tidtable.obj
 0001:00004644       _mtinit                    0000000180005644 f   LIBCMT:tidtable.obj
 0001:000046c4       _mtterm                    00000001800056c4 f   LIBCMT:tidtable.obj
 0001:000046e8       __doserrno                 00000001800056e8 f   LIBCMT:dosmap.obj
 0001:00004708       _dosmaperr                 0000000180005708 f   LIBCMT:dosmap.obj
 0001:00004758       _errno                     0000000180005758 f   LIBCMT:dosmap.obj
 0001:00004778       _get_errno_from_oserr      0000000180005778 f   LIBCMT:dosmap.obj
 0001:000047c8       _locterm                   00000001800057c8 f   LIBCMT:wsetloca.obj
 0001:00004810       _XcptFilter                0000000180005810 f   LIBCMT:winxfltr.obj
 0001:000049dc       __CppXcptFilter            00000001800059dc f   LIBCMT:winxfltr.obj
 0001:000049f0       _heap_init                 00000001800059f0 f   LIBCMT:heapinit.obj
 0001:00004a10       _heap_term                 0000000180005a10 f   LIBCMT:heapinit.obj
 0001:00004a1c       _ioinit                    0000000180005a1c f   LIBCMT:ioinit.obj
 0001:00004d4c       _ioterm                    0000000180005d4c f   LIBCMT:ioinit.obj
 0001:00004dc0       _setargv                   0000000180005dc0 f   LIBCMT:stdargv.obj
 0001:0000507c       _setenvp                   000000018000607c f   LIBCMT:stdenvp.obj
 0001:000051b0       __security_init_cookie     00000001800061b0 f   LIBCMT:gs_support.obj
 0001:0000525c       DllMain                    000000018000625c f   LIBCMT:dllmain.obj
 0001:00005264       __crtGetEnvironmentStringsA 0000000180006264 f   LIBCMT:a_env.obj
 0001:00005358       __crtCaptureCurrentContext 0000000180006358 f   LIBCMT:winapisupp.obj
 0001:000053c8       __crtCapturePreviousContext 00000001800063c8 f   LIBCMT:winapisupp.obj
 0001:0000543c       __crtFlsAlloc              000000018000643c f   LIBCMT:winapisupp.obj
 0001:00005458       __crtFlsFree               0000000180006458 f   LIBCMT:winapisupp.obj
 0001:00005474       __crtFlsGetValue           0000000180006474 f   LIBCMT:winapisupp.obj
 0001:00005490       __crtFlsSetValue           0000000180006490 f   LIBCMT:winapisupp.obj
 0001:000054ac       __crtInitializeCriticalSectionEx 00000001800064ac f   LIBCMT:winapisupp.obj
 0001:000054d8       __crtIsPackagedApp         00000001800064d8 f   LIBCMT:winapisupp.obj
 0001:00005524       __crtLoadWinApiPointers    0000000180006524 f   LIBCMT:winapisupp.obj
 0001:00005920       __crtSleep                 0000000180006920 f   LIBCMT:winapisupp.obj
 0001:00005928       __crtTerminateProcess      0000000180006928 f   LIBCMT:winapisupp.obj
 0001:00005948       __crtUnhandledException    0000000180006948 f   LIBCMT:winapisupp.obj
 0001:00005968       _RTC_Initialize            0000000180006968 f   LIBCMT:initsect.obj
 0001:000059a0       _RTC_Terminate             00000001800069a0 f   LIBCMT:initsect.obj
 0001:000059d8       __DestructExceptionObject  00000001800069d8 f   LIBCMT:frame.obj
 0001:00005a48       ?terminate@@YAXXZ          0000000180006a48 f   LIBCMT:hooks.obj
 0001:00005a68       _initp_eh_hooks            0000000180006a68 f   LIBCMT:hooks.obj
 0001:00005a88       __GSHandlerCheck           0000000180006a88 f   LIBCMT:gshandler.obj
 0001:00005aa8       __GSHandlerCheckCommon     0000000180006aa8 f   LIBCMT:gshandler.obj
 0001:00005b20       strcmp                     0000000180006b20 f   LIBCMT:strcmp.obj
 0001:00005b88       _cfltcvt                   0000000180006b88 f   LIBCMT:cvt.obj
 0001:00005bac       _cfltcvt_l                 0000000180006bac f   LIBCMT:cvt.obj
 0001:00005c2c       _cftoa_l                   0000000180006c2c f   LIBCMT:cvt.obj
 0001:000061d8       _cftoe_l                   00000001800071d8 f   LIBCMT:cvt.obj
 0001:00006434       _cftof_l                   0000000180007434 f   LIBCMT:cvt.obj
 0001:00006508       _cftog_l                   0000000180007508 f   LIBCMT:cvt.obj
 0001:0000663c       _cropzeros                 000000018000763c f   LIBCMT:cvt.obj
 0001:00006644       _cropzeros_l               0000000180007644 f   LIBCMT:cvt.obj
 0001:000066dc       _fassign                   00000001800076dc f   LIBCMT:cvt.obj
 0001:000066e4       _fassign_l                 00000001800076e4 f   LIBCMT:cvt.obj
 0001:00006724       _forcdecpt                 0000000180007724 f   LIBCMT:cvt.obj
 0001:0000672c       _forcdecpt_l               000000018000772c f   LIBCMT:cvt.obj
 0001:000067ac       _positive                  00000001800077ac f   LIBCMT:cvt.obj
 0001:000067c0       _initp_misc_cfltcvt_tab    00000001800077c0 f   LIBCMT:cmiscdat.obj
 0001:000067fc       strcpy_s                   00000001800077fc f   LIBCMT:strcpy_s.obj
 0001:00006860       __crt_debugger_hook        0000000180007860 f   LIBCMT:dbghook.obj
 0001:00006868       _lock                      0000000180007868 f   LIBCMT:mlock.obj
 0001:000068ac       _mtdeletelocks             00000001800078ac f   LIBCMT:mlock.obj
 0001:00006934       _mtinitlocknum             0000000180007934 f   LIBCMT:mlock.obj
 0001:000069f4       _mtinitlocks               00000001800079f4 f   LIBCMT:mlock.obj
 0001:00006a58       _unlock                    0000000180007a58 f   LIBCMT:mlock.obj
 0001:00006a70       _FF_MSGBANNER              0000000180007a70 f   LIBCMT:crt0msg.obj
 0001:00006ab4       _GET_RTERRMSG              0000000180007ab4 f   LIBCMT:crt0msg.obj
 0001:00006ae4       _NMSG_WRITE                0000000180007ae4 f   LIBCMT:crt0msg.obj
 0001:00006d60       _FindPESection             0000000180007d60 f   LIBCMT:pesect.obj
 0001:00006db0       _IsNonwritableInCurrentImage 0000000180007db0 f   LIBCMT:pesect.obj
 0001:00006e00       _ValidateImageBase         0000000180007e00 f   LIBCMT:pesect.obj
 0001:00006e30       __get_sigabrt              0000000180007e30 f   LIBCMT:winsig.obj
 0001:00006e40       _initp_misc_winsig         0000000180007e40 f   LIBCMT:winsig.obj
 0001:00006e60       raise                      0000000180007e60 f   LIBCMT:winsig.obj
 0001:00007094       _initp_misc_rand_s         0000000180008094 f   LIBCMT:rand_s.obj
 0001:0000709c       realloc                    000000018000809c f   LIBCMT:realloc.obj
 0001:00007170       _calloc_impl               0000000180008170 f   LIBCMT:calloc_impl.obj
 0001:00007220       _local_unwind              0000000180008220 f   LIBCMT:jmpuwind.obj
 0001:00007250       _NLG_Notify                0000000180008250 f   LIBCMT:jmpuwind.obj
 0001:00007270       __NLG_Dispatch2            0000000180008270 f   LIBCMT:jmpuwind.obj
 0001:00007280       __NLG_Return2              0000000180008280 f   LIBCMT:jmpuwind.obj
 0001:00007284       GetTableIndexFromLocaleName 0000000180008284 f   LIBCMT:winapinls.obj
 0001:00007310       __crtDownlevelLocaleNameToLCID 0000000180008310 f   LIBCMT:winapinls.obj
 0001:00007344       __crtLCMapStringEx         0000000180008344 f   LIBCMT:winapinls.obj
 0001:000073d4       __wcsnicmp_ascii           00000001800083d4 f   LIBCMT:winapinls.obj
 0001:00007440       _get_fpsr                  0000000180008440 f   LIBCMT:fpsr.obj
 0001:00007450       _set_fpsr                  0000000180008450 f   LIBCMT:fpsr.obj
 0001:0000745a       _fclrf                     000000018000845a f   LIBCMT:fpsr.obj
 0001:0000746e       _frnd                      000000018000846e f   LIBCMT:fpsr.obj
 0001:000074a0       memset                     00000001800084a0 f   LIBCMT:memset.obj
 0001:000076cc       __free_lconv_mon           00000001800086cc f   LIBCMT:initmon.obj
 0001:000077d8       __free_lconv_num           00000001800087d8 f   LIBCMT:initnum.obj
 0001:00007844       __free_lc_time             0000000180008844 f   LIBCMT:inittime.obj
 0001:00007f2c       __crtLCMapStringA          0000000180008f2c f   LIBCMT:a_map.obj
 0001:0000813c       __crtGetStringTypeA        000000018000913c f   LIBCMT:a_str.obj
 0001:000081b8       _isctype_l                 00000001800091b8 f   LIBCMT:isctype.obj
 0001:00008294       _isleadbyte_l              0000000180009294 f i LIBCMT:_wctype.obj
 0001:000082d8       isleadbyte                 00000001800092d8 f i LIBCMT:_wctype.obj
 0001:00008330       memcmp                     0000000180009330 f   LIBCMT:memcmp.obj
 0001:000083f8       wcscat_s                   00000001800093f8 f   LIBCMT:wcscat_s.obj
 0001:00008480       wcscpy_s                   0000000180009480 f   LIBCMT:wcscpy_s.obj
 0001:000084ec       wcslen                     00000001800094ec f   LIBCMT:wcslen.obj
 0001:00008508       wcsncpy_s                  0000000180009508 f   LIBCMT:wcsncpy_s.obj
 0001:000085d4       __initstdio                00000001800095d4 f   LIBCMT:_file.obj
 0001:0000866c       __endstdio                 000000018000966c f   LIBCMT:_file.obj
 0001:0000869c       _lock_file                 000000018000969c f   LIBCMT:_file.obj
 0001:00008704       _lock_file2                0000000180009704 f   LIBCMT:_file.obj
 0001:00008738       _unlock_file               0000000180009738 f   LIBCMT:_file.obj
 0001:00008788       _unlock_file2              0000000180009788 f   LIBCMT:_file.obj
 0001:00008824       _ismbblead                 0000000180009824 f   LIBCMT:ismbbyte.obj
 0001:00008850       _CallSettingFrame          0000000180009850 f   LIBCMT:handlers.obj
 0001:00008890       _GetNextInstrOffset        0000000180009890 f   LIBCMT:handlers.obj
 0001:00008898       isdigit                    0000000180009898 f i LIBCMT:_ctype.obj
 0001:00008914       strrchr                    0000000180009914 f   LIBCMT:strrchr.obj
 0001:00008a58       _fptostr                   0000000180009a58 f   LIBCMT:_fptostr.obj
 0001:00008b24       __crt_atoflt_l             0000000180009b24 f   LIBCMT:atodbl.obj
 0001:00008bf4       _atodbl_l                  0000000180009bf4 f   LIBCMT:atodbl.obj
 0001:00008cbc       _atoflt_l                  0000000180009cbc f   LIBCMT:atodbl.obj
 0001:00008cc4       __dtold                    0000000180009cc4 f   LIBCMT:cfout.obj
 0001:00008d94       _fltout2                   0000000180009d94 f   LIBCMT:cfout.obj
 0001:00008e4c       _fptrap                    0000000180009e4c f   LIBCMT:crt0fp.obj
 0001:00008e58       _set_error_mode            0000000180009e58 f   LIBCMT:errmode.obj
 0001:00008e98       __crtMessageBoxW           0000000180009e98 f   LIBCMT:crtmboxw.obj
 0001:0000910c       _fileno                    000000018000a10c f   LIBCMT:fileno.obj
 0001:00009134       _isatty                    000000018000a134 f   LIBCMT:isatty.obj
 0001:00009194       _fflush_nolock             000000018000a194 f   LIBCMT:fflush.obj
 0001:000091e0       _flush                     000000018000a1e0 f   LIBCMT:fflush.obj
 0001:0000925c       _flushall                  000000018000a25c f   LIBCMT:fflush.obj
 0001:00009360       __chkstk                   000000018000a360 f   LIBCMT:chkstk.obj
 0001:00009360       _alloca_probe              000000018000a360 f   LIBCMT:chkstk.obj
 0001:000093b0       _fcloseall                 000000018000a3b0 f   LIBCMT:closeall.obj
 0001:00009458       _ld12tod                   000000018000a458 f   LIBCMT:intrncvt.obj
 0001:00009a10       _ld12tof                   000000018000aa10 f   LIBCMT:intrncvt.obj
 0001:00009fc8       __strgtold12_l             000000018000afc8 f   LIBCMT:strgtold.obj
 0001:0000a82c       $I10_OUTPUT                000000018000b82c f   LIBCMT:x10fout.obj
 0001:0000b304       _commit                    000000018000c304 f   LIBCMT:commit.obj
 0001:0000b3dc       _write                     000000018000c3dc f   LIBCMT:write.obj
 0001:0000b4c0       _write_nolock              000000018000c4c0 f   LIBCMT:write.obj
 0001:0000bcb4       _fclose_nolock             000000018000ccb4 f   LIBCMT:fclose.obj
 0001:0000bd30       fclose                     000000018000cd30 f   LIBCMT:fclose.obj
 0001:0000bd98       __mtold12                  000000018000cd98 f   LIBCMT:mantold.obj
 0001:0000bfbc       __lock_fhandle             000000018000cfbc f   LIBCMT:osfinfo.obj
 0001:0000c054       _free_osfhnd               000000018000d054 f   LIBCMT:osfinfo.obj
 0001:0000c100       _get_osfhandle             000000018000d100 f   LIBCMT:osfinfo.obj
 0001:0000c174       _unlock_fhandle            000000018000d174 f   LIBCMT:osfinfo.obj
 0001:0000c1a0       _lseeki64_nolock           000000018000d1a0 f   LIBCMT:lseeki64.obj
 0001:0000c234       _mbtowc_l                  000000018000d234 f   LIBCMT:mbtowc.obj
 0001:0000c388       mbtowc                     000000018000d388 f   LIBCMT:mbtowc.obj
 0001:0000c390       _putwch_nolock             000000018000d390 f   LIBCMT:putwch.obj
 0001:0000c3ec       _close                     000000018000d3ec f   LIBCMT:close.obj
 0001:0000c4b0       _close_nolock              000000018000d4b0 f   LIBCMT:close.obj
 0001:0000c56c       _freebuf                   000000018000d56c f   LIBCMT:_freebuf.obj
 0001:0000c5a4       __termconout               000000018000d5a4 f   LIBCMT:initcon.obj
 0001:0000c5c4       __initconout               000000018000d5c4 f   LIBCMT:initcon.obj
 0001:0000c600       RtlUnwindEx                000000018000d600 f   kernel32:KERNEL32.dll
 0001:0000c606       IsProcessorFeaturePresent  000000018000d606 f   kernel32:KERNEL32.dll
 0001:0000c60c       __delayLoadHelper2         000000018000d60c f   DelayImp:delayhlp.obj
 0002:00000000       __imp_GetModuleHandleA     000000018000e000     kernel32:KERNEL32.dll
 0002:00000008       __imp_EncodePointer        000000018000e008     kernel32:KERNEL32.dll
 0002:00000010       __imp_DecodePointer        000000018000e010     kernel32:KERNEL32.dll
 0002:00000018       __imp_GetCommandLineA      000000018000e018     kernel32:KERNEL32.dll
 0002:00000020       __imp_GetCurrentThreadId   000000018000e020     kernel32:KERNEL32.dll
 0002:00000028       __imp_RaiseException       000000018000e028     kernel32:KERNEL32.dll
 0002:00000030       __imp_RtlLookupFunctionEntry 000000018000e030     kernel32:KERNEL32.dll
 0002:00000038       __imp_RtlUnwindEx          000000018000e038     kernel32:KERNEL32.dll
 0002:00000040       __imp_IsDebuggerPresent    000000018000e040     kernel32:KERNEL32.dll
 0002:00000048       __imp_IsProcessorFeaturePresent 000000018000e048     kernel32:KERNEL32.dll
 0002:00000050       __imp_GetLastError         000000018000e050     kernel32:KERNEL32.dll
 0002:00000058       __imp_ExitProcess          000000018000e058     kernel32:KERNEL32.dll
 0002:00000060       __imp_GetModuleHandleExW   000000018000e060     kernel32:KERNEL32.dll
 0002:00000068       __imp_GetProcAddress       000000018000e068     kernel32:KERNEL32.dll
 0002:00000070       __imp_MultiByteToWideChar  000000018000e070     kernel32:KERNEL32.dll
 0002:00000078       __imp_WideCharToMultiByte  000000018000e078     kernel32:KERNEL32.dll
 0002:00000080       __imp_HeapSize             000000018000e080     kernel32:KERNEL32.dll
 0002:00000088       __imp_HeapFree             000000018000e088     kernel32:KERNEL32.dll
 0002:00000090       __imp_HeapAlloc            000000018000e090     kernel32:KERNEL32.dll
 0002:00000098       __imp_IsValidCodePage      000000018000e098     kernel32:KERNEL32.dll
 0002:000000a0       __imp_GetACP               000000018000e0a0     kernel32:KERNEL32.dll
 0002:000000a8       __imp_GetOEMCP             000000018000e0a8     kernel32:KERNEL32.dll
 0002:000000b0       __imp_GetCPInfo            000000018000e0b0     kernel32:KERNEL32.dll
 0002:000000b8       __imp_SetLastError         000000018000e0b8     kernel32:KERNEL32.dll
 0002:000000c0       __imp_GetProcessHeap       000000018000e0c0     kernel32:KERNEL32.dll
 0002:000000c8       __imp_GetStdHandle         000000018000e0c8     kernel32:KERNEL32.dll
 0002:000000d0       __imp_GetFileType          000000018000e0d0     kernel32:KERNEL32.dll
 0002:000000d8       __imp_DeleteCriticalSection 000000018000e0d8     kernel32:KERNEL32.dll
 0002:000000e0       __imp_GetStartupInfoW      000000018000e0e0     kernel32:KERNEL32.dll
 0002:000000e8       __imp_GetModuleFileNameA   000000018000e0e8     kernel32:KERNEL32.dll
 0002:000000f0       __imp_QueryPerformanceCounter 000000018000e0f0     kernel32:KERNEL32.dll
 0002:000000f8       __imp_GetCurrentProcessId  000000018000e0f8     kernel32:KERNEL32.dll
 0002:00000100       __imp_GetSystemTimeAsFileTime 000000018000e100     kernel32:KERNEL32.dll
 0002:00000108       __imp_GetEnvironmentStringsW 000000018000e108     kernel32:KERNEL32.dll
 0002:00000110       __imp_FreeEnvironmentStringsW 000000018000e110     kernel32:KERNEL32.dll
 0002:00000118       __imp_RtlCaptureContext    000000018000e118     kernel32:KERNEL32.dll
 0002:00000120       __imp_RtlVirtualUnwind     000000018000e120     kernel32:KERNEL32.dll
 0002:00000128       __imp_UnhandledExceptionFilter 000000018000e128     kernel32:KERNEL32.dll
 0002:00000130       __imp_SetUnhandledExceptionFilter 000000018000e130     kernel32:KERNEL32.dll
 0002:00000138       __imp_InitializeCriticalSectionAndSpinCount 000000018000e138     kernel32:KERNEL32.dll
 0002:00000140       __imp_Sleep                000000018000e140     kernel32:KERNEL32.dll
 0002:00000148       __imp_GetCurrentProcess    000000018000e148     kernel32:KERNEL32.dll
 0002:00000150       __imp_TerminateProcess     000000018000e150     kernel32:KERNEL32.dll
 0002:00000158       __imp_TlsAlloc             000000018000e158     kernel32:KERNEL32.dll
 0002:00000160       __imp_TlsGetValue          000000018000e160     kernel32:KERNEL32.dll
 0002:00000168       __imp_TlsSetValue          000000018000e168     kernel32:KERNEL32.dll
 0002:00000170       __imp_TlsFree              000000018000e170     kernel32:KERNEL32.dll
 0002:00000178       __imp_GetModuleHandleW     000000018000e178     kernel32:KERNEL32.dll
 0002:00000180       __imp_EnterCriticalSection 000000018000e180     kernel32:KERNEL32.dll
 0002:00000188       __imp_LeaveCriticalSection 000000018000e188     kernel32:KERNEL32.dll
 0002:00000190       __imp_WriteFile            000000018000e190     kernel32:KERNEL32.dll
 0002:00000198       __imp_GetModuleFileNameW   000000018000e198     kernel32:KERNEL32.dll
 0002:000001a0       __imp_FreeLibrary          000000018000e1a0     kernel32:KERNEL32.dll
 0002:000001a8       __imp_LoadLibraryExW       000000018000e1a8     kernel32:KERNEL32.dll
 0002:000001b0       __imp_HeapReAlloc          000000018000e1b0     kernel32:KERNEL32.dll
 0002:000001b8       __imp_LCMapStringW         000000018000e1b8     kernel32:KERNEL32.dll
 0002:000001c0       __imp_GetStringTypeW       000000018000e1c0     kernel32:KERNEL32.dll
 0002:000001c8       __imp_OutputDebugStringW   000000018000e1c8     kernel32:KERNEL32.dll
 0002:000001d0       __imp_FlushFileBuffers     000000018000e1d0     kernel32:KERNEL32.dll
 0002:000001d8       __imp_GetConsoleCP         000000018000e1d8     kernel32:KERNEL32.dll
 0002:000001e0       __imp_GetConsoleMode       000000018000e1e0     kernel32:KERNEL32.dll
 0002:000001e8       __imp_SetStdHandle         000000018000e1e8     kernel32:KERNEL32.dll
 0002:000001f0       __imp_SetFilePointerEx     000000018000e1f0     kernel32:KERNEL32.dll
 0002:000001f8       __imp_WriteConsoleW        000000018000e1f8     kernel32:KERNEL32.dll
 0002:00000200       __imp_CloseHandle          000000018000e200     kernel32:KERNEL32.dll
 0002:00000208       __imp_CreateFileW          000000018000e208     kernel32:KERNEL32.dll
 0002:00000210       __imp_LoadLibraryExA       000000018000e210     kernel32:KERNEL32.dll
 0002:00000218       \177KERNEL32_NULL_THUNK_DATA 000000018000e218     kernel32:KERNEL32.dll
 0002:00000220       __xc_a                     000000018000e220     LIBCMT:crt0init.obj
 0002:00000238       _register_deasync_         000000018000e238     deasync.obj
 0002:00000240       __xc_z                     000000018000e240     LIBCMT:crt0init.obj
 0002:00000248       __xi_a                     000000018000e248     LIBCMT:crt0init.obj
 0002:00000270       __xi_z                     000000018000e270     LIBCMT:crt0init.obj
 0002:00000278       __xp_a                     000000018000e278     LIBCMT:crt0init.obj
 0002:00000298       __xp_z                     000000018000e298     LIBCMT:crt0init.obj
 0002:000002a0       __xt_a                     000000018000e2a0     LIBCMT:crt0init.obj
 0002:000002a8       __xt_z                     000000018000e2a8     LIBCMT:crt0init.obj
 0002:000002f0       __sz_node_exe              000000018000e2f0     node:node.exe
 0002:00000ca0       ??_C@_0BC@CIJDGCDI@permission?5denied?$AA@ 000000018000eca0     libcpmt:syserror.obj
 0002:00000cb8       ??_C@_0M@MIDIAGJP@file?5exists?$AA@ 000000018000ecb8     libcpmt:syserror.obj
 0002:00000cc8       ??_C@_0P@FDINDDOK@no?5such?5device?$AA@ 000000018000ecc8     libcpmt:syserror.obj
 0002:00000cd8       ??_C@_0BC@EJHOMAAK@filename?5too?5long?$AA@ 000000018000ecd8     libcpmt:syserror.obj
 0002:00000cf0       ??_C@_0BI@NGCEHDD@device?5or?5resource?5busy?$AA@ 000000018000ecf0     libcpmt:syserror.obj
 0002:00000d08       ??_C@_08GLNPIFBN@io?5error?$AA@ 000000018000ed08     libcpmt:syserror.obj
 0002:00000d18       ??_C@_0BE@JIDOCPHM@directory?5not?5empty?$AA@ 000000018000ed18     libcpmt:syserror.obj
 0002:00000d30       ??_C@_0BB@FCMFBGOM@invalid?5argument?$AA@ 000000018000ed30     libcpmt:syserror.obj
 0002:00000d48       ??_C@_0BD@IJDJKDEA@no?5space?5on?5device?$AA@ 000000018000ed48     libcpmt:syserror.obj
 0002:00000d60       ??_C@_0BK@NDOCBPGE@no?5such?5file?5or?5directory?$AA@ 000000018000ed60     libcpmt:syserror.obj
 0002:00000d80       ??_C@_0BH@KEFGLDAF@function?5not?5supported?$AA@ 000000018000ed80     libcpmt:syserror.obj
 0002:00000d98       ??_C@_0BC@NJECKMKE@no?5lock?5available?$AA@ 000000018000ed98     libcpmt:syserror.obj
 0002:00000db0       ??_C@_0BC@ENOOLCNF@not?5enough?5memory?$AA@ 000000018000edb0     libcpmt:syserror.obj
 0002:00000dc8       ??_C@_0BP@LKNGHENJ@resource?5unavailable?5try?5again?$AA@ 000000018000edc8     libcpmt:syserror.obj
 0002:00000de8       ??_C@_0BC@PPHBOELF@cross?5device?5link?$AA@ 000000018000ede8     libcpmt:syserror.obj
 0002:00000e00       ??_C@_0BD@MOLBPMEA@operation?5canceled?$AA@ 000000018000ee00     libcpmt:syserror.obj
 0002:00000e18       ??_C@_0BE@GHAFMPAH@too?5many?5files?5open?$AA@ 000000018000ee18     libcpmt:syserror.obj
 0002:00000e30       ??_C@_0BC@FNODOBAE@permission_denied?$AA@ 000000018000ee30     libcpmt:syserror.obj
 0002:00000e48       ??_C@_0P@LNDJPBFK@address_in_use?$AA@ 000000018000ee48     libcpmt:syserror.obj
 0002:00000e58       ??_C@_0BG@IPMGOJF@address_not_available?$AA@ 000000018000ee58     libcpmt:syserror.obj
 0002:00000e70       ??_C@_0BN@LCBDHODA@address_family_not_supported?$AA@ 000000018000ee70     libcpmt:syserror.obj
 0002:00000e90       ??_C@_0BP@FOJJHMCC@connection_already_in_progress?$AA@ 000000018000ee90     libcpmt:syserror.obj
 0002:00000eb0       ??_C@_0BE@DLHHIBGN@bad_file_descriptor?$AA@ 000000018000eeb0     libcpmt:syserror.obj
 0002:00000ec8       ??_C@_0BD@OJMJDIGI@connection_aborted?$AA@ 000000018000eec8     libcpmt:syserror.obj
 0002:00000ee0       ??_C@_0BD@NGKCIFEP@connection_refused?$AA@ 000000018000eee0     libcpmt:syserror.obj
 0002:00000ef8       ??_C@_0BB@JOANDNCK@connection_reset?$AA@ 000000018000eef8     libcpmt:syserror.obj
 0002:00000f10       ??_C@_0BN@JLJNLKLK@destination_address_required?$AA@ 000000018000ef10     libcpmt:syserror.obj
 0002:00000f30       ??_C@_0M@IJGMGFGP@bad_address?$AA@ 000000018000ef30     libcpmt:syserror.obj
 0002:00000f40       ??_C@_0BB@KKNHPPIN@host_unreachable?$AA@ 000000018000ef40     libcpmt:syserror.obj
 0002:00000f58       ??_C@_0BG@DJGBJIIK@operation_in_progress?$AA@ 000000018000ef58     libcpmt:syserror.obj
 0002:00000f70       ??_C@_0M@EGEKIIMP@interrupted?$AA@ 000000018000ef70     libcpmt:syserror.obj
 0002:00000f80       ??_C@_0BB@FFIHMIPJ@invalid_argument?$AA@ 000000018000ef80     libcpmt:syserror.obj
 0002:00000f98       ??_C@_0BC@FIFLCHLO@already_connected?$AA@ 000000018000ef98     libcpmt:syserror.obj
 0002:00000fb0       ??_C@_0BE@GJJJJDDA@too_many_files_open?$AA@ 000000018000efb0     libcpmt:syserror.obj
 0002:00000fc8       ??_C@_0N@HPMLKHPL@message_size?$AA@ 000000018000efc8     libcpmt:syserror.obj
 0002:00000fd8       ??_C@_0BC@LEEIKBAL@filename_too_long?$AA@ 000000018000efd8     libcpmt:syserror.obj
 0002:00000ff0       ??_C@_0N@FCPALPJK@network_down?$AA@ 000000018000eff0     libcpmt:syserror.obj
 0002:00001000       ??_C@_0O@EHNDLHIG@network_reset?$AA@ 000000018000f000     libcpmt:syserror.obj
 0002:00001010       ??_C@_0BE@JFNJIDNF@network_unreachable?$AA@ 000000018000f010     libcpmt:syserror.obj
 0002:00001028       ??_C@_0BA@FDIJKJCL@no_buffer_space?$AA@ 000000018000f028     libcpmt:syserror.obj
 0002:00001038       ??_C@_0BD@JHIHCGKP@no_protocol_option?$AA@ 000000018000f038     libcpmt:syserror.obj
 0002:00001050       ??_C@_0O@GBCLHHD@not_connected?$AA@ 000000018000f050     libcpmt:syserror.obj
 0002:00001060       ??_C@_0N@IMHKKLEM@not_a_socket?$AA@ 000000018000f060     libcpmt:syserror.obj
 0002:00001070       ??_C@_0BI@ICEIDKLJ@operation_not_supported?$AA@ 000000018000f070     libcpmt:syserror.obj
 0002:00001088       ??_C@_0BH@KAPBAIJF@protocol_not_supported?$AA@ 000000018000f088     libcpmt:syserror.obj
 0002:000010a0       ??_C@_0BE@GAOJJFPC@wrong_protocol_type?$AA@ 000000018000f0a0     libcpmt:syserror.obj
 0002:000010b8       ??_C@_09NCHNLHPG@timed_out?$AA@ 000000018000f0b8     libcpmt:syserror.obj
 0002:000010c8       ??_C@_0BG@GDGHKFDH@operation_would_block?$AA@ 000000018000f0c8     libcpmt:syserror.obj
 0002:000010e0       ??_C@_0BN@LKKBCCDB@address?5family?5not?5supported?$AA@ 000000018000f0e0     libcpmt:syserror.obj
 0002:00001100       ??_C@_0P@LDMLAFHI@address?5in?5use?$AA@ 000000018000f100     libcpmt:syserror.obj
 0002:00001110       ??_C@_0BG@DHPCNBJB@address?5not?5available?$AA@ 000000018000f110     libcpmt:syserror.obj
 0002:00001128       ??_C@_0BC@DFIBIBIL@already?5connected?$AA@ 000000018000f128     libcpmt:syserror.obj
 0002:00001140       ??_C@_0BH@CAKOHOMI@argument?5list?5too?5long?$AA@ 000000018000f140     libcpmt:syserror.obj
 0002:00001158       ??_C@_0BH@CGIMPKIM@argument?5out?5of?5domain?$AA@ 000000018000f158     libcpmt:syserror.obj
 0002:00001170       ??_C@_0M@KGHGGJGL@bad?5address?$AA@ 000000018000f170     libcpmt:syserror.obj
 0002:00001180       ??_C@_0BE@MPJPGCEO@bad?5file?5descriptor?$AA@ 000000018000f180     libcpmt:syserror.obj
 0002:00001198       ??_C@_0M@PMMIEFCP@bad?5message?$AA@ 000000018000f198     libcpmt:syserror.obj
 0002:000011a8       ??_C@_0M@KPHOFDBE@broken?5pipe?$AA@ 000000018000f1a8     libcpmt:syserror.obj
 0002:000011b8       ??_C@_0BD@MGNDDEGM@connection?5aborted?$AA@ 000000018000f1b8     libcpmt:syserror.obj
 0002:000011d0       ??_C@_0BP@KAIHPOGN@connection?5already?5in?5progress?$AA@ 000000018000f1d0     libcpmt:syserror.obj
 0002:000011f0       ??_C@_0BD@PJLIIJEL@connection?5refused?$AA@ 000000018000f1f0     libcpmt:syserror.obj
 0002:00001208       ??_C@_0BB@IECNJNOI@connection?5reset?$AA@ 000000018000f208     libcpmt:syserror.obj
 0002:00001220       ??_C@_0BN@KDMIFEIP@destination?5address?5required?$AA@ 000000018000f220     libcpmt:syserror.obj
 0002:00001240       ??_C@_0BI@BNCLIGPB@executable?5format?5error?$AA@ 000000018000f240     libcpmt:syserror.obj
 0002:00001258       ??_C@_0P@DNAJLBJK@file?5too?5large?$AA@ 000000018000f258     libcpmt:syserror.obj
 0002:00001268       ??_C@_0BB@DHFDFGDM@host?5unreachable?$AA@ 000000018000f268     libcpmt:syserror.obj
 0002:00001280       ??_C@_0BD@JPHBMONG@identifier?5removed?$AA@ 000000018000f280     libcpmt:syserror.obj
 0002:00001298       ??_C@_0BG@CDNPAGJK@illegal?5byte?5sequence?$AA@ 000000018000f298     libcpmt:syserror.obj
 0002:000012b0       ??_C@_0CD@BNPLBMNA@inappropriate?5io?5control?5operati@ 000000018000f2b0     libcpmt:syserror.obj
 0002:000012d8       ??_C@_0N@OHAFKDEK@invalid?5seek?$AA@ 000000018000f2d8     libcpmt:syserror.obj
 0002:000012e8       ??_C@_0P@FLLDBIDK@is?5a?5directory?$AA@ 000000018000f2e8     libcpmt:syserror.obj
 0002:000012f8       ??_C@_0N@IFLPBIOP@message?5size?$AA@ 000000018000f2f8     libcpmt:syserror.obj
 0002:00001308       ??_C@_0N@KIIEAAIO@network?5down?$AA@ 000000018000f308     libcpmt:syserror.obj
 0002:00001318       ??_C@_0O@FNPDBHEE@network?5reset?$AA@ 000000018000f318     libcpmt:syserror.obj
 0002:00001328       ??_C@_0BE@IFNCKGE@network?5unreachable?$AA@ 000000018000f328     libcpmt:syserror.obj
 0002:00001340       ??_C@_0BA@PFFCAOFK@no?5buffer?5space?$AA@ 000000018000f340     libcpmt:syserror.obj
 0002:00001350       ??_C@_0BB@IEPBLJHK@no?5child?5process?$AA@ 000000018000f350     libcpmt:syserror.obj
 0002:00001368       ??_C@_07PLECNNKG@no?5link?$AA@ 000000018000f368     libcpmt:syserror.obj
 0002:00001370       ??_C@_0BF@PBGGPKKE@no?5message?5available?$AA@ 000000018000f370     libcpmt:syserror.obj
 0002:00001388       ??_C@_0L@EDOLMPAK@no?5message?$AA@ 000000018000f388     libcpmt:syserror.obj
 0002:00001398       ??_C@_0BD@EAMBFIDF@no?5protocol?5option?$AA@ 000000018000f398     libcpmt:syserror.obj
 0002:000013b0       ??_C@_0BE@MKFDAFMP@no?5stream?5resources?$AA@ 000000018000f3b0     libcpmt:syserror.obj
 0002:000013c8       ??_C@_0BK@IMCPHCBI@no?5such?5device?5or?5address?$AA@ 000000018000f3c8     libcpmt:syserror.obj
 0002:000013e8       ??_C@_0BA@ENLPPKBN@no?5such?5process?$AA@ 000000018000f3e8     libcpmt:syserror.obj
 0002:000013f8       ??_C@_0BA@DOCPFFJG@not?5a?5directory?$AA@ 000000018000f3f8     libcpmt:syserror.obj
 0002:00001408       ??_C@_0N@POEIPGGF@not?5a?5socket?$AA@ 000000018000f408     libcpmt:syserror.obj
 0002:00001418       ??_C@_0N@LGAPMMPI@not?5a?5stream?$AA@ 000000018000f418     libcpmt:syserror.obj
 0002:00001428       ??_C@_0O@GLMIBBEG@not?5connected?$AA@ 000000018000f428     libcpmt:syserror.obj
 0002:00001438       ??_C@_0O@NHEDABJP@not?5supported?$AA@ 000000018000f438     libcpmt:syserror.obj
 0002:00001448       ??_C@_0BG@KDKHOPCO@operation?5in?5progress?$AA@ 000000018000f448     libcpmt:syserror.obj
 0002:00001460       ??_C@_0BI@OHIEJAAB@operation?5not?5permitted?$AA@ 000000018000f460     libcpmt:syserror.obj
 0002:00001478       ??_C@_0BI@LNEGIFLN@operation?5not?5supported?$AA@ 000000018000f478     libcpmt:syserror.obj
 0002:00001490       ??_C@_0BG@OEMDKMEE@operation?5would?5block?$AA@ 000000018000f490     libcpmt:syserror.obj
 0002:000014a8       ??_C@_0L@BLPOFLNJ@owner?5dead?$AA@ 000000018000f4a8     libcpmt:syserror.obj
 0002:000014b8       ??_C@_0P@FNPOCJBE@protocol?5error?$AA@ 000000018000f4b8     libcpmt:syserror.obj
 0002:000014c8       ??_C@_0BH@JPPPLHJB@protocol?5not?5supported?$AA@ 000000018000f4c8     libcpmt:syserror.obj
 0002:000014e0       ??_C@_0BG@EICBIHDP@read?5only?5file?5system?$AA@ 000000018000f4e0     libcpmt:syserror.obj
 0002:000014f8       ??_C@_0BO@BJBOMOEJ@resource?5deadlock?5would?5occur?$AA@ 000000018000f4f8     libcpmt:syserror.obj
 0002:00001518       ??_C@_0BE@GOIPJJHG@result?5out?5of?5range?$AA@ 000000018000f518     libcpmt:syserror.obj
 0002:00001530       ??_C@_0BG@MPLKFPAE@state?5not?5recoverable?$AA@ 000000018000f530     libcpmt:syserror.obj
 0002:00001548       ??_C@_0P@DIIFGFCG@stream?5timeout?$AA@ 000000018000f548     libcpmt:syserror.obj
 0002:00001558       ??_C@_0P@IPFDMIFL@text?5file?5busy?$AA@ 000000018000f558     libcpmt:syserror.obj
 0002:00001568       ??_C@_09KJPPMAOI@timed?5out?$AA@ 000000018000f568     libcpmt:syserror.obj
 0002:00001578       ??_C@_0BO@HACHBEKI@too?5many?5files?5open?5in?5system?$AA@ 000000018000f578     libcpmt:syserror.obj
 0002:00001598       ??_C@_0P@HCOMKFCC@too?5many?5links?$AA@ 000000018000f598     libcpmt:syserror.obj
 0002:000015a8       ??_C@_0BO@EFGOJEF@too?5many?5symbolic?5link?5levels?$AA@ 000000018000f5a8     libcpmt:syserror.obj
 0002:000015c8       ??_C@_0BA@KGKGOOJA@value?5too?5large?$AA@ 000000018000f5c8     libcpmt:syserror.obj
 0002:000015d8       ??_C@_0BE@MIEJDDNH@wrong?5protocol?5type?$AA@ 000000018000f5d8     libcpmt:syserror.obj
 0002:000015ec       ??_C@_06MEIMCGCF@_hypot?$AA@ 000000018000f5ec     LIBCMT:hypot.obj
 0002:000015f8       _pDefaultRawDllMain        000000018000f5f8     LIBCMT:dllcrt0.obj
 0002:000015f8       _pRawDllMain               000000018000f5f8     LIBCMT:dllcrt0.obj
 0002:00001600       _FPinit                    000000018000f600     LIBCMT:fpinit.obj
 0002:00001618       ??_C@_1BI@BGOHAHKC@?$AAm?$AAs?$AAc?$AAo?$AAr?$AAe?$AAe?$AA?4?$AAd?$AAl?$AAl?$AA?$AA@ 000000018000f618     LIBCMT:crt0dat.obj
 0002:00001630       ??_C@_0P@MIGLKIOC@CorExitProcess?$AA@ 000000018000f630     LIBCMT:crt0dat.obj
 0002:00001660       ??_C@_1M@HPNHIDJI@?$AAj?$AAa?$AA?9?$AAJ?$AAP?$AA?$AA@ 000000018000f660     LIBCMT:mbctype.obj
 0002:00001670       ??_C@_1M@BIBDDEMK@?$AAz?$AAh?$AA?9?$AAC?$AAN?$AA?$AA@ 000000018000f670     LIBCMT:mbctype.obj
 0002:00001680       ??_C@_1M@JLOOOEGK@?$AAk?$AAo?$AA?9?$AAK?$AAR?$AA?$AA@ 000000018000f680     LIBCMT:mbctype.obj
 0002:00001690       ??_C@_1M@CLNBBOPM@?$AAz?$AAh?$AA?9?$AAT?$AAW?$AA?$AA@ 000000018000f690     LIBCMT:mbctype.obj
 0002:0000169c       ??_C@_03KOEHGMDN@Sun?$AA@  000000018000f69c     LIBCMT:nlsdata.obj
 0002:000016a0       ??_C@_03PDAGKDH@Mon?$AA@   000000018000f6a0     LIBCMT:nlsdata.obj
 0002:000016a4       ??_C@_03NAGEINEP@Tue?$AA@  000000018000f6a4     LIBCMT:nlsdata.obj
 0002:000016a8       ??_C@_03MHOMLAJA@Wed?$AA@  000000018000f6a8     LIBCMT:nlsdata.obj
 0002:000016ac       ??_C@_03IOFIKPDN@Thu?$AA@  000000018000f6ac     LIBCMT:nlsdata.obj
 0002:000016b0       ??_C@_03IDIOELNC@Fri?$AA@  000000018000f6b0     LIBCMT:nlsdata.obj
 0002:000016b4       ??_C@_03FEFJNEK@Sat?$AA@   000000018000f6b4     LIBCMT:nlsdata.obj
 0002:000016b8       ??_C@_06OOPIFAJ@Sunday?$AA@ 000000018000f6b8     LIBCMT:nlsdata.obj
 0002:000016c0       ??_C@_06JLEDEDGH@Monday?$AA@ 000000018000f6c0     LIBCMT:nlsdata.obj
 0002:000016c8       ??_C@_07BAAGCFCM@Tuesday?$AA@ 000000018000f6c8     LIBCMT:nlsdata.obj
 0002:000016d0       ??_C@_09DLIGFAKA@Wednesday?$AA@ 000000018000f6d0     LIBCMT:nlsdata.obj
 0002:000016e0       ??_C@_08HACCIKIA@Thursday?$AA@ 000000018000f6e0     LIBCMT:nlsdata.obj
 0002:000016ec       ??_C@_06JECMNKMI@Friday?$AA@ 000000018000f6ec     LIBCMT:nlsdata.obj
 0002:000016f8       ??_C@_08INBOOONO@Saturday?$AA@ 000000018000f6f8     LIBCMT:nlsdata.obj
 0002:00001704       ??_C@_03JIHJHPIE@Jan?$AA@  000000018000f704     LIBCMT:nlsdata.obj
 0002:00001708       ??_C@_03HJBDCHOM@Feb?$AA@  000000018000f708     LIBCMT:nlsdata.obj
 0002:0000170c       ??_C@_03ODNJBKGA@Mar?$AA@  000000018000f70c     LIBCMT:nlsdata.obj
 0002:00001710       ??_C@_03LEOLGMJP@Apr?$AA@  000000018000f710     LIBCMT:nlsdata.obj
 0002:00001714       ??_C@_03CNMDKL@May?$AA@    000000018000f714     LIBCMT:nlsdata.obj
 0002:00001718       ??_C@_03IDFGHECI@Jun?$AA@  000000018000f718     LIBCMT:nlsdata.obj
 0002:0000171c       ??_C@_03LBGABGKK@Jul?$AA@  000000018000f71c     LIBCMT:nlsdata.obj
 0002:00001720       ??_C@_03IFJFEIGA@Aug?$AA@  000000018000f720     LIBCMT:nlsdata.obj
 0002:00001724       ??_C@_03GGCAPAJC@Sep?$AA@  000000018000f724     LIBCMT:nlsdata.obj
 0002:00001728       ??_C@_03BMAOKBAD@Oct?$AA@  000000018000f728     LIBCMT:nlsdata.obj
 0002:0000172c       ??_C@_03JPJOFNIA@Nov?$AA@  000000018000f72c     LIBCMT:nlsdata.obj
 0002:00001730       ??_C@_03MKABNOCG@Dec?$AA@  000000018000f730     LIBCMT:nlsdata.obj
 0002:00001738       ??_C@_07CGJPFGJA@January?$AA@ 000000018000f738     LIBCMT:nlsdata.obj
 0002:00001740       ??_C@_08GNJGEPFN@February?$AA@ 000000018000f740     LIBCMT:nlsdata.obj
[...]
      135    ?Cast@Int8Array@v8@@SAPEAV12@PEAVValue@2@@Z (public: static class v8::Int8Array * __cdecl v8::Int8Array::Cast(class v8::Value *))
      136    ?Cast@Integer@v8@@SAPEAV12@PEAVValue@2@@Z (public: static class v8::Integer * __cdecl v8::Integer::Cast(class v8::Value *))
      137    ?Cast@Map@v8@@SAPEAV12@PEAVValue@2@@Z (public: static class v8::Map * __cdecl v8::Map::Cast(class v8::Value *))
      138    ?Cast@Name@v8@@SAPEAV12@PEAVValue@2@@Z (public: static class v8::Name * __cdecl v8::Name::Cast(class v8::Value *))
      139    ?Cast@Number@v8@@SAPEAV12@PEAVValue@2@@Z (public: static class v8::Number * __cdecl v8::Number::Cast(class v8::Value *))
      140    ?Cast@NumberObject@v8@@SAPEAV12@PEAVValue@2@@Z (public: static class v8::NumberObject * __cdecl v8::NumberObject::Cast(class v8::Value *))
      141    ?Cast@Object@v8@@SAPEAV12@PEAVValue@2@@Z (public: static class v8::Object * __cdecl v8::Object::Cast(class v8::Value *))
      142    ?Cast@Promise@v8@@SAPEAV12@PEAVValue@2@@Z (public: static class v8::Promise * __cdecl v8::Promise::Cast(class v8::Value *))
      143    ?Cast@RegExp@v8@@SAPEAV12@PEAVValue@2@@Z (public: static class v8::RegExp * __cdecl v8::RegExp::Cast(class v8::Value *))
      144    ?Cast@Resolver@Promise@v8@@SAPEAV123@PEAVValue@3@@Z (public: static class v8::Promise::Resolver * __cdecl v8::Promise::Resolver::Cast(class v8::Value *))
      145    ?Cast@Set@v8@@SAPEAV12@PEAVValue@2@@Z (public: static class v8::Set * __cdecl v8::Set::Cast(class v8::Value *))
      146    ?Cast@SharedArrayBuffer@v8@@SAPEAV12@PEAVValue@2@@Z (public: static class v8::SharedArrayBuffer * __cdecl v8::SharedArrayBuffer::Cast(class v8::Value *))
      147    ?Cast@String@v8@@SAPEAV12@PEAVValue@2@@Z (public: static class v8::String * __cdecl v8::String::Cast(class v8::Value *))
      148    ?Cast@StringObject@v8@@SAPEAV12@PEAVValue@2@@Z (public: static class v8::StringObject * __cdecl v8::StringObject::Cast(class v8::Value *))
      149    ?Cast@Symbol@v8@@SAPEAV12@PEAVValue@2@@Z (public: static class v8::Symbol * __cdecl v8::Symbol::Cast(class v8::Value *))
      150    ?Cast@SymbolObject@v8@@SAPEAV12@PEAVValue@2@@Z (public: static class v8::SymbolObject * __cdecl v8::SymbolObject::Cast(class v8::Value *))
      151    ?Cast@TypedArray@v8@@SAPEAV12@PEAVValue@2@@Z (public: static class v8::TypedArray * __cdecl v8::TypedArray::Cast(class v8::Value *))
      152    ?Cast@Uint16Array@v8@@SAPEAV12@PEAVValue@2@@Z (public: static class v8::Uint16Array * __cdecl v8::Uint16Array::Cast(class v8::Value *))
      153    ?Cast@Uint32@v8@@SAPEAV12@PEAVValue@2@@Z (public: static class v8::Uint32 * __cdecl v8::Uint32::Cast(class v8::Value *))
      154    ?Cast@Uint32Array@v8@@SAPEAV12@PEAVValue@2@@Z (public: static class v8::Uint32Array * __cdecl v8::Uint32Array::Cast(class v8::Value *))
      155    ?Cast@Uint8Array@v8@@SAPEAV12@PEAVValue@2@@Z (public: static class v8::Uint8Array * __cdecl v8::Uint8Array::Cast(class v8::Value *))
      156    ?Cast@Uint8ClampedArray@v8@@SAPEAV12@PEAVValue@2@@Z (public: static class v8::Uint8ClampedArray * __cdecl v8::Uint8ClampedArray::Cast(class v8::Value *))
      157    ?Data@Contents@ArrayBuffer@v8@@QEBAPEAXXZ (public: void * __cdecl v8::ArrayBuffer::Contents::Data(void)const )
      158    ?Data@Contents@SharedArrayBuffer@v8@@QEBAPEAXXZ (public: void * __cdecl v8::SharedArrayBuffer::Contents::Data(void)const )
      159    ?Dispose@ExternalStringResourceBase@String@v8@@MEAAXXZ (protected: virtual void __cdecl v8::String::ExternalStringResourceBase::Dispose(void))
      160    ?Empty@String@v8@@SA?AV?$Local@VString@v8@@@2@PEAVIsolate@2@@Z (public: static class v8::Local<class v8::String> __cdecl v8::String::Empty(class v8::Isolate *))
      161    ?GetAlignedPointerFromEmbedderData@Context@v8@@QEAAPEAXH@Z (public: void * __cdecl v8::Context::GetAlignedPointerFromEmbedderData(int))
      162    ?GetAlignedPointerFromInternalField@Object@v8@@QEAAPEAXH@Z (public: void * __cdecl v8::Object::GetAlignedPointerFromInternalField(int))
      163    ?GetAlignedPointerFromInternalField@Object@v8@@SAPEAXAEBV?$PersistentBase@VObject@v8@@@2@H@Z (public: static void * __cdecl v8::Object::GetAlignedPointerFromInternalField(class v8::PersistentBase<class v8::Object> const &,int))
      164    ?GetData@Isolate@v8@@QEAAPEAXI@Z (public: void * __cdecl v8::Isolate::GetData(unsigned int))
      165    ?GetEmbedderData@Context@v8@@QEAA?AV?$Local@VValue@v8@@@2@H@Z (public: class v8::Local<class v8::Value> __cdecl v8::Context::GetEmbedderData(int))
      166    ?GetExternalStringResource@String@v8@@QEBAPEAVExternalStringResource@12@XZ (public: class v8::String::ExternalStringResource * __cdecl v8::String::GetExternalStringResource(void)const )
      167    ?GetExternalStringResourceBase@String@v8@@QEBAPEAVExternalStringResourceBase@12@PEAW4Encoding@12@@Z (public: class v8::String::ExternalStringResourceBase * __cdecl v8::String::GetExternalStringResourceBase(enum v8::String::Encoding *)const )
      168    ?GetId@Script@v8@@QEAAHXZ (public: int __cdecl v8::Script::GetId(void))
      169    ?GetInternalField@Object@v8@@QEAA?AV?$Local@VValue@v8@@@2@H@Z (public: class v8::Local<class v8::Value> __cdecl v8::Object::GetInternalField(int))
      170    ?GetIsolate@HandleScope@v8@@QEBAPEAVIsolate@2@XZ (public: class v8::Isolate * __cdecl v8::HandleScope::GetIsolate(void)const )
      171    ?GetNativeFunctionTemplate@Extension@v8@@UEAA?AV?$Local@VFunctionTemplate@v8@@@2@PEAVIsolate@2@V?$Local@VString@v8@@@2@@Z (public: virtual class v8::Local<class v8::FunctionTemplate> __cdecl v8::Extension::GetNativeFunctionTemplate(class v8::Isolate *,class v8::Local<class v8::String>))
      172    ?GetNumberOfDataSlots@Isolate@v8@@SAIXZ (public: static unsigned int __cdecl v8::Isolate::GetNumberOfDataSlots(void))
      173    ?InternalFieldCount@Object@v8@@SAHAEBV?$PersistentBase@VObject@v8@@@2@@Z (public: static int __cdecl v8::Object::InternalFieldCount(class v8::PersistentBase<class v8::Object> const &))
      174    ?IsDead@V8@v8@@SA_NXZ (public: static bool __cdecl v8::V8::IsDead(void))
      175    ?IsExecutionTerminating@V8@v8@@SA_NPEAVIsolate@2@@Z (public: static bool __cdecl v8::V8::IsExecutionTerminating(class v8::Isolate *))
      176    ?IsNull@Value@v8@@QEBA_NXZ (public: bool __cdecl v8::Value::IsNull(void)const )
      177    ?IsString@Value@v8@@QEBA_NXZ (public: bool __cdecl v8::Value::IsString(void)const )
      178    ?IsUndefined@Value@v8@@QEBA_NXZ (public: bool __cdecl v8::Value::IsUndefined(void)const )
      179    ?JSStackComparableAddress@TryCatch@v8@@SAPEAXPEAV12@@Z (public: static void * __cdecl v8::TryCatch::JSStackComparableAddress(class v8::TryCatch *))
      180    ?New@Boolean@v8@@SA?AV?$Local@VBoolean@v8@@@2@PEAVIsolate@2@_N@Z (public: static class v8::Local<class v8::Boolean> __cdecl v8::Boolean::New(class v8::Isolate *,bool))
      181    ?NewInstance@Function@v8@@QEBA?AV?$MaybeLocal@VObject@v8@@@2@V?$Local@VContext@v8@@@2@@Z (public: class v8::MaybeLocal<class v8::Object> __cdecl v8::Function::NewInstance(class v8::Local<class v8::Context>)const )
      182    ?QuickIsNull@Value@v8@@AEBA_NXZ (private: bool __cdecl v8::Value::QuickIsNull(void)const )
      183    ?QuickIsString@Value@v8@@AEBA_NXZ (private: bool __cdecl v8::Value::QuickIsString(void)const )
      184    ?QuickIsUndefined@Value@v8@@AEBA_NXZ (private: bool __cdecl v8::Value::QuickIsUndefined(void)const )
      185    ?RemoveGCEpilogueCallback@V8@v8@@SAXP6AXW4GCType@2@W4GCCallbackFlags@2@@Z@Z (public: static void __cdecl v8::V8::RemoveGCEpilogueCallback(void (__cdecl*)(enum v8::GCType,enum v8::GCCallbackFlags)))
      186    ?RemoveGCPrologueCallback@V8@v8@@SAXP6AXW4GCType@2@W4GCCallbackFlags@2@@Z@Z (public: static void __cdecl v8::V8::RemoveGCPrologueCallback(void (__cdecl*)(enum v8::GCType,enum v8::GCCallbackFlags)))
      187    ?RemoveMemoryAllocationCallback@V8@v8@@SAXP6AXW4ObjectSpace@2@W4AllocationAction@2@H@Z@Z (public: static void __cdecl v8::V8::RemoveMemoryAllocationCallback(void (__cdecl*)(enum v8::ObjectSpace,enum v8::AllocationAction,int)))
      188    ?RemoveMessageListeners@V8@v8@@SAXP6AXV?$Local@VMessage@v8@@@2@V?$Local@VValue@v8@@@2@@Z@Z (public: static void __cdecl v8::V8::RemoveMessageListeners(void (__cdecl*)(class v8::Local<class v8::Message>,class v8::Local<class v8::Value>)))
      189    ?Set@Template@v8@@QEAAXPEAVIsolate@2@PEBDV?$Local@VData@v8@@@2@@Z (public: void __cdecl v8::Template::Set(class v8::Isolate *,char const *,class v8::Local<class v8::Data>))
      190    ?SetAllowCodeGenerationFromStringsCallback@V8@v8@@SAXP6A_NV?$Local@VContext@v8@@@2@@Z@Z (public: static void __cdecl v8::V8::SetAllowCodeGenerationFromStringsCallback(bool (__cdecl*)(class v8::Local<class v8::Context>)))
      191    ?SetCaptureStackTraceForUncaughtExceptions@V8@v8@@SAX_NHW4StackTraceOptions@StackTrace@2@@Z (public: static void __cdecl v8::V8::SetCaptureStackTraceForUncaughtExceptions(bool,int,enum v8::StackTrace::StackTraceOptions))
      192    ?SetData@Isolate@v8@@QEAAXIPEAX@Z (public: void __cdecl v8::Isolate::SetData(unsigned int,void *))
      193    ?SetFailedAccessCheckCallbackFunction@V8@v8@@SAXP6AXV?$Local@VObject@v8@@@2@W4AccessType@2@V?$Local@VValue@v8@@@2@@Z@Z (public: static void __cdecl v8::V8::SetFailedAccessCheckCallbackFunction(void (__cdecl*)(class v8::Local<class v8::Object>,enum v8::AccessType,class v8::Local<class v8::Value>)))
      194    ?SetFatalErrorHandler@V8@v8@@SAXP6AXPEBD0@Z@Z (public: static void __cdecl v8::V8::SetFatalErrorHandler(void (__cdecl*)(char const *,char const *)))
      195    ?SetIndexedPropertyHandler@ObjectTemplate@v8@@QEAAXP6AXIAEBV?$PropertyCallbackInfo@VValue@v8@@@2@@ZP6AXIV?$Local@VValue@v8@@@2@0@ZP6AXIAEBV?$PropertyCallbackInfo@VInteger@v8@@@2@@ZP6AXIAEBV?$PropertyCallbackInfo@VBoolean@v8@@@2@@ZP6AXAEBV?$PropertyCallbackInfo@VArray@v8@@@2@@Z2@Z (public: void __cdecl v8::ObjectTemplate::SetIndexedPropertyHandler(void (__cdecl*)(unsigned int,class v8::PropertyCallbackInfo<class v8::Value> const &),void (__cdecl*)(unsigned int,class v8::Local<class v8::Value>,class v8::PropertyCallbackInfo<class v8::Value> const &),void (__cdecl*)(unsigned int,class v8::PropertyCallbackInfo<class v8::Integer> const &),void (__cdecl*)(unsigned int,class v8::PropertyCallbackInfo<class v8::Boolean> const &),void (__cdecl*)(class v8::PropertyCallbackInfo<class v8::Array> const &),class v8::Local<class v8::Value>))
      196    ?TerminateExecution@V8@v8@@SAXPEAVIsolate@2@@Z (public: static void __cdecl v8::V8::TerminateExecution(class v8::Isolate *))
      197    ?ToBoolean@Value@v8@@QEBA?AV?$Local@VBoolean@v8@@@2@XZ (public: class v8::Local<class v8::Boolean> __cdecl v8::Value::ToBoolean(void)const )
      198    ?ToDetailString@Value@v8@@QEBA?AV?$Local@VString@v8@@@2@XZ (public: class v8::Local<class v8::String> __cdecl v8::Value::ToDetailString(void)const )
      199    ?ToInt32@Value@v8@@QEBA?AV?$Local@VInt32@v8@@@2@XZ (public: class v8::Local<class v8::Int32> __cdecl v8::Value::ToInt32(void)const )
      200    ?ToInteger@Value@v8@@QEBA?AV?$Local@VInteger@v8@@@2@XZ (public: class v8::Local<class v8::Integer> __cdecl v8::Value::ToInteger(void)const )
      201    ?ToNumber@Value@v8@@QEBA?AV?$Local@VNumber@v8@@@2@XZ (public: class v8::Local<class v8::Number> __cdecl v8::Value::ToNumber(void)const )
      202    ?ToObject@Value@v8@@QEBA?AV?$Local@VObject@v8@@@2@XZ (public: class v8::Local<class v8::Object> __cdecl v8::Value::ToObject(void)const )
      203    ?ToString@Value@v8@@QEBA?AV?$Local@VString@v8@@@2@XZ (public: class v8::Local<class v8::String> __cdecl v8::Value::ToString(void)const )
      204    ?ToUint32@Value@v8@@QEBA?AV?$Local@VUint32@v8@@@2@XZ (public: class v8::Local<class v8::Uint32> __cdecl v8::Value::ToUint32(void)const )
      205    ?VisitExternalResources@V8@v8@@SAXPEAVExternalResourceVisitor@2@@Z (public: static void __cdecl v8::V8::VisitExternalResources(class v8::ExternalResourceVisitor *))
      206    ?VisitExternalString@ExternalResourceVisitor@v8@@UEAAXV?$Local@VString@v8@@@2@@Z (public: virtual void __cdecl v8::ExternalResourceVisitor::VisitExternalString(class v8::Local<class v8::String>))
      207    ?VisitHandlesForPartialDependence@V8@v8@@SAXPEAVIsolate@2@PEAVPersistentHandleVisitor@2@@Z (public: static void __cdecl v8::V8::VisitHandlesForPartialDependence(class v8::Isolate *,class v8::PersistentHandleVisitor *))
      208    ?VisitHandlesWithClassIds@V8@v8@@SAXPEAVIsolate@2@PEAVPersistentHandleVisitor@2@@Z (public: static void __cdecl v8::V8::VisitHandlesWithClassIds(class v8::Isolate *,class v8::PersistentHandleVisitor *))
      209    ?VisitHandlesWithClassIds@V8@v8@@SAXPEAVPersistentHandleVisitor@2@@Z (public: static void __cdecl v8::V8::VisitHandlesWithClassIds(class v8::PersistentHandleVisitor *))
      210    ?VisitPersistentHandle@PersistentHandleVisitor@v8@@UEAAXPEAV?$Persistent@VValue@v8@@V?$NonCopyablePersistentTraits@VValue@v8@@@2@@2@G@Z (public: virtual void __cdecl v8::PersistentHandleVisitor::VisitPersistentHandle(class v8::Persistent<class v8::Value,class v8::NonCopyablePersistentTraits<class v8::Value> > *,unsigned short))
      211    ?auto_enable@Extension@v8@@QEAA_NXZ (public: bool __cdecl v8::Extension::auto_enable(void))
      212    ?begin@ExtensionConfiguration@v8@@QEBAPEAPEBDXZ (public: char const * * __cdecl v8::ExtensionConfiguration::begin(void)const )
      213    ?code_range_size@ResourceConstraints@v8@@QEBA_KXZ (public: unsigned __int64 __cdecl v8::ResourceConstraints::code_range_size(void)const )
      214    ?data@ExternalOneByteStringResourceImpl@v8@@UEBAPEBDXZ (public: virtual char const * __cdecl v8::ExternalOneByteStringResourceImpl::data(void)const )
      215    ?dependencies@Extension@v8@@QEAAPEAPEBDXZ (public: char const * * __cdecl v8::Extension::dependencies(void))
      216    ?dependency_count@Extension@v8@@QEAAHXZ (public: int __cdecl v8::Extension::dependency_count(void))
      217    ?end@ExtensionConfiguration@v8@@QEBAPEAPEBDXZ (public: char const * * __cdecl v8::ExtensionConfiguration::end(void)const )
      218    ?heap_size_limit@HeapStatistics@v8@@QEAA_KXZ (public: unsigned __int64 __cdecl v8::HeapStatistics::heap_size_limit(void))
      219    ?impl@StreamedSource@ScriptCompiler@v8@@QEBAPEAU1internal@3@XZ (public: struct v8::internal::StreamedSource * __cdecl v8::ScriptCompiler::StreamedSource::impl(void)const )
      220    ?kInternalFieldCount@ArrayBuffer@v8@@2HB (public: static int const v8::ArrayBuffer::kInternalFieldCount)
      221    ?kInternalFieldCount@ArrayBufferView@v8@@2HB (public: static int const v8::ArrayBufferView::kInternalFieldCount)
      222    ?kInternalFieldCount@SharedArrayBuffer@v8@@2HB (public: static int const v8::SharedArrayBuffer::kInternalFieldCount)
      223    ?kMaxLength@String@v8@@2HB (public: static int const v8::String::kMaxLength)
      224    ?kNoColumnInfo@Message@v8@@2HB (public: static int const v8::Message::kNoColumnInfo)
      225    ?kNoLineNumberInfo@Message@v8@@2HB (public: static int const v8::Message::kNoLineNumberInfo)
      226    ?kNoScriptId@UnboundScript@v8@@2HB (public: static int const v8::UnboundScript::kNoScriptId)
      227    ?kNoScriptIdInfo@Message@v8@@2HB (public: static int const v8::Message::kNoScriptIdInfo)
      228    ?length@ExternalOneByteStringResourceImpl@v8@@UEBA_KXZ (public: virtual unsigned __int64 __cdecl v8::ExternalOneByteStringResourceImpl::length(void)const )
      229    ?length@Utf8Value@String@v8@@QEBAHXZ (public: int __cdecl v8::String::Utf8Value::length(void)const )
      230    ?length@Value@String@v8@@QEBAHXZ (public: int __cdecl v8::String::Value::length(void)const )
      231    ?max_available_threads@ResourceConstraints@v8@@QEBAHXZ (public: int __cdecl v8::ResourceConstraints::max_available_threads(void)const )
      232    ?max_executable_size@ResourceConstraints@v8@@QEBAHXZ (public: int __cdecl v8::ResourceConstraints::max_executable_size(void)const )
      233    ?max_old_space_size@ResourceConstraints@v8@@QEBAHXZ (public: int __cdecl v8::ResourceConstraints::max_old_space_size(void)const )
      234    ?max_semi_space_size@ResourceConstraints@v8@@QEBAHXZ (public: int __cdecl v8::ResourceConstraints::max_semi_space_size(void)const )
      235    ?name@Extension@v8@@QEBAPEBDXZ (public: char const * __cdecl v8::Extension::name(void)const )
      236    ?object_count@HeapObjectStatistics@v8@@QEAA_KXZ (public: unsigned __int64 __cdecl v8::HeapObjectStatistics::object_count(void))
      237    ?object_size@HeapObjectStatistics@v8@@QEAA_KXZ (public: unsigned __int64 __cdecl v8::HeapObjectStatistics::object_size(void))
      238    ?object_sub_type@HeapObjectStatistics@v8@@QEAAPEBDXZ (public: char const * __cdecl v8::HeapObjectStatistics::object_sub_type(void))
      239    ?object_type@HeapObjectStatistics@v8@@QEAAPEBDXZ (public: char const * __cdecl v8::HeapObjectStatistics::object_type(void))
      240    ?physical_space_size@HeapSpaceStatistics@v8@@QEAA_KXZ (public: unsigned __int64 __cdecl v8::HeapSpaceStatistics::physical_space_size(void))
      241    ?set_auto_enable@Extension@v8@@QEAAX_N@Z (public: void __cdecl v8::Extension::set_auto_enable(bool))
      242    ?set_code_range_size@ResourceConstraints@v8@@QEAAX_K@Z (public: void __cdecl v8::ResourceConstraints::set_code_range_size(unsigned __int64))
      243    ?set_max_available_threads@ResourceConstraints@v8@@QEAAXH@Z (public: void __cdecl v8::ResourceConstraints::set_max_available_threads(int))
      244    ?set_max_executable_size@ResourceConstraints@v8@@QEAAXH@Z (public: void __cdecl v8::ResourceConstraints::set_max_executable_size(int))
      245    ?set_max_old_space_size@ResourceConstraints@v8@@QEAAXH@Z (public: void __cdecl v8::ResourceConstraints::set_max_old_space_size(int))
      246    ?set_max_semi_space_size@ResourceConstraints@v8@@QEAAXH@Z (public: void __cdecl v8::ResourceConstraints::set_max_semi_space_size(int))
      247    ?set_stack_limit@ResourceConstraints@v8@@QEAAXPEAI@Z (public: void __cdecl v8::ResourceConstraints::set_stack_limit(unsigned int *))
      248    ?source@Extension@v8@@QEBAPEBVExternalOneByteStringResource@String@2@XZ (public: class v8::String::ExternalOneByteStringResource const * __cdecl v8::Extension::source(void)const )
      249    ?source_length@Extension@v8@@QEBA_KXZ (public: unsigned __int64 __cdecl v8::Extension::source_length(void)const )
      250    ?space_available_size@HeapSpaceStatistics@v8@@QEAA_KXZ (public: unsigned __int64 __cdecl v8::HeapSpaceStatistics::space_available_size(void))
      251    ?space_name@HeapSpaceStatistics@v8@@QEAAPEBDXZ (public: char const * __cdecl v8::HeapSpaceStatistics::space_name(void))
      252    ?space_size@HeapSpaceStatistics@v8@@QEAA_KXZ (public: unsigned __int64 __cdecl v8::HeapSpaceStatistics::space_size(void))
      253    ?space_used_size@HeapSpaceStatistics@v8@@QEAA_KXZ (public: unsigned __int64 __cdecl v8::HeapSpaceStatistics::space_used_size(void))
      254    ?stack_limit@ResourceConstraints@v8@@QEBAPEAIXZ (public: unsigned int * __cdecl v8::ResourceConstraints::stack_limit(void)const )
      255    ?total_available_size@HeapStatistics@v8@@QEAA_KXZ (public: unsigned __int64 __cdecl v8::HeapStatistics::total_available_size(void))
      256    ?total_heap_size@HeapStatistics@v8@@QEAA_KXZ (public: unsigned __int64 __cdecl v8::HeapStatistics::total_heap_size(void))
      257    ?total_heap_size_executable@HeapStatistics@v8@@QEAA_KXZ (public: unsigned __int64 __cdecl v8::HeapStatistics::total_heap_size_executable(void))
      258    ?total_physical_size@HeapStatistics@v8@@QEAA_KXZ (public: unsigned __int64 __cdecl v8::HeapStatistics::total_physical_size(void))
      259    ?used_heap_size@HeapStatistics@v8@@QEAA_KXZ (public: unsigned __int64 __cdecl v8::HeapStatistics::used_heap_size(void))
      260    _register_deasync_
